Archive member included because of file (symbol)

.\CortexM3\ARM_GCC_493\Debug\Design01.a(cyfitter_cfg.o)
                              .\CortexM3\ARM_GCC_493\Debug\Cm3Start.o (cyfitter_cfg)
.\CortexM3\ARM_GCC_493\Debug\Design01.a(CyLib.o)
                              .\CortexM3\ARM_GCC_493\Debug\Cm3Start.o (CyHalt)
.\CortexM3\ARM_GCC_493\Debug\Design01.a(cyPm.o)
                              .\CortexM3\ARM_GCC_493\Debug\Design01.a(CyLib.o) (CyPmReadStatus)
.\CortexM3\ARM_GCC_493\Debug\Design01.a(PWM_1.o)
                              .\CortexM3\ARM_GCC_493\Debug\main.o (PWM_1_WriteCompare)
.\CortexM3\ARM_GCC_493\Debug\Design01.a(UART_1.o)
                              .\CortexM3\ARM_GCC_493\Debug\main.o (UART_1_Start)
.\CortexM3\ARM_GCC_493\Debug\Design01.a(UART_1_IntClock.o)
                              .\CortexM3\ARM_GCC_493\Debug\Design01.a(UART_1.o) (UART_1_IntClock_Start)
.\CortexM3\ARM_GCC_493\Debug\Design01.a(I2C_1.o)
                              .\CortexM3\ARM_GCC_493\Debug\main.o (I2C_1_Start)
.\CortexM3\ARM_GCC_493\Debug\Design01.a(I2C_1_INT.o)
                              .\CortexM3\ARM_GCC_493\Debug\Design01.a(I2C_1.o) (I2C_1_ISR)
.\CortexM3\ARM_GCC_493\Debug\Design01.a(I2C_1_PM.o)
                              .\CortexM3\ARM_GCC_493\Debug\Design01.a(I2C_1.o) (I2C_1_backup)
.\CortexM3\ARM_GCC_493\Debug\Design01.a(I2C_1_MASTER.o)
                              .\CortexM3\ARM_GCC_493\Debug\HTS221TempHumiditySensor.o (I2C_1_MasterWriteBuf)
.\CortexM3\ARM_GCC_493\Debug\Design01.a(CyBootAsmGnu.o)
                              .\CortexM3\ARM_GCC_493\Debug\Design01.a(cyfitter_cfg.o) (CyDelayCycles)
.\CortexM3\ARM_GCC_493\Debug\Design01.a(CyFlash.o)
                              .\CortexM3\ARM_GCC_493\Debug\Design01.a(cyPm.o) (CyFlash_SetWaitCycles)
.\CortexM3\ARM_GCC_493\Debug\Design01.a(CySpc.o)
                              .\CortexM3\ARM_GCC_493\Debug\Design01.a(CyFlash.o) (CySpcStart)
c:/program files (x86)/cypress/psoc creator/4.0/psoc creator/import/gnu/arm/4.9.3/bin/../lib/gcc/arm-none-eabi/4.9.3/armv7-m\libgcc.a(_arm_addsubdf3.o)
                              .\CortexM3\ARM_GCC_493\Debug\HTS221TempHumiditySensor.o (__aeabi_dsub)
c:/program files (x86)/cypress/psoc creator/4.0/psoc creator/import/gnu/arm/4.9.3/bin/../lib/gcc/arm-none-eabi/4.9.3/armv7-m\libgcc.a(_arm_muldivdf3.o)
                              .\CortexM3\ARM_GCC_493\Debug\HTS221TempHumiditySensor.o (__aeabi_dmul)
c:/program files (x86)/cypress/psoc creator/4.0/psoc creator/import/gnu/arm/4.9.3/bin/../lib/gcc/arm-none-eabi/4.9.3/armv7-m\libgcc.a(_arm_fixunsdfsi.o)
                              .\CortexM3\ARM_GCC_493\Debug\HTS221TempHumiditySensor.o (__aeabi_d2uiz)
c:/program files (x86)/cypress/psoc creator/4.0/psoc creator/import/gnu/arm/4.9.3/bin/../lib/gcc/arm-none-eabi/4.9.3/../../../../arm-none-eabi/lib/armv7-m\libg_nano.a(lib_a-errno.o)
                              .\CortexM3\ARM_GCC_493\Debug\Cm3Start.o (__errno)
c:/program files (x86)/cypress/psoc creator/4.0/psoc creator/import/gnu/arm/4.9.3/bin/../lib/gcc/arm-none-eabi/4.9.3/../../../../arm-none-eabi/lib/armv7-m\libg_nano.a(lib_a-exit.o)
                              c:/program files (x86)/cypress/psoc creator/4.0/psoc creator/import/gnu/arm/4.9.3/bin/../lib/gcc/arm-none-eabi/4.9.3/../../../../arm-none-eabi/lib/armv7-m/crt0.o (exit)
c:/program files (x86)/cypress/psoc creator/4.0/psoc creator/import/gnu/arm/4.9.3/bin/../lib/gcc/arm-none-eabi/4.9.3/../../../../arm-none-eabi/lib/armv7-m\libg_nano.a(lib_a-impure.o)
                              c:/program files (x86)/cypress/psoc creator/4.0/psoc creator/import/gnu/arm/4.9.3/bin/../lib/gcc/arm-none-eabi/4.9.3/../../../../arm-none-eabi/lib/armv7-m\libg_nano.a(lib_a-exit.o) (_global_impure_ptr)
c:/program files (x86)/cypress/psoc creator/4.0/psoc creator/import/gnu/arm/4.9.3/bin/../lib/gcc/arm-none-eabi/4.9.3/../../../../arm-none-eabi/lib/armv7-m\libg_nano.a(lib_a-init.o)
                              c:/program files (x86)/cypress/psoc creator/4.0/psoc creator/import/gnu/arm/4.9.3/bin/../lib/gcc/arm-none-eabi/4.9.3/../../../../arm-none-eabi/lib/armv7-m/crt0.o (__libc_init_array)
c:/program files (x86)/cypress/psoc creator/4.0/psoc creator/import/gnu/arm/4.9.3/bin/../lib/gcc/arm-none-eabi/4.9.3/../../../../arm-none-eabi/lib/armv7-m\libg_nano.a(lib_a-memcpy.o)
                              .\CortexM3\ARM_GCC_493\Debug\Design01.a(cyfitter_cfg.o) (memcpy)
c:/program files (x86)/cypress/psoc creator/4.0/psoc creator/import/gnu/arm/4.9.3/bin/../lib/gcc/arm-none-eabi/4.9.3/../../../../arm-none-eabi/lib/armv7-m\libg_nano.a(lib_a-memset.o)
                              c:/program files (x86)/cypress/psoc creator/4.0/psoc creator/import/gnu/arm/4.9.3/bin/../lib/gcc/arm-none-eabi/4.9.3/../../../../arm-none-eabi/lib/armv7-m/crt0.o (memset)

Allocating common symbols
Common symbol       size              file

I2C_1_mstrWrBufIndex
                    0x1               .\CortexM3\ARM_GCC_493\Debug\Design01.a(I2C_1_MASTER.o)
I2C_1_mstrControl   0x1               .\CortexM3\ARM_GCC_493\Debug\Design01.a(I2C_1_MASTER.o)
I2C_1_mstrStatus    0x1               .\CortexM3\ARM_GCC_493\Debug\Design01.a(I2C_1_MASTER.o)
I2C_1_mstrWrBufSize
                    0x1               .\CortexM3\ARM_GCC_493\Debug\Design01.a(I2C_1_MASTER.o)
I2C_1_mstrRdBufIndex
                    0x1               .\CortexM3\ARM_GCC_493\Debug\Design01.a(I2C_1_MASTER.o)
I2C_1_state         0x1               .\CortexM3\ARM_GCC_493\Debug\Design01.a(I2C_1.o)
I2C_1_mstrWrBufPtr  0x4               .\CortexM3\ARM_GCC_493\Debug\Design01.a(I2C_1_MASTER.o)
dieTemperature      0x2               .\CortexM3\ARM_GCC_493\Debug\Design01.a(CyFlash.o)
I2C_1_mstrRdBufPtr  0x4               .\CortexM3\ARM_GCC_493\Debug\Design01.a(I2C_1_MASTER.o)
I2C_1_mstrRdBufSize
                    0x1               .\CortexM3\ARM_GCC_493\Debug\Design01.a(I2C_1_MASTER.o)

Discarded input sections

 .text          0x00000000        0x0 c:/program files (x86)/cypress/psoc creator/4.0/psoc creator/import/gnu/arm/4.9.3/bin/../lib/gcc/arm-none-eabi/4.9.3/armv7-m/crti.o
 .data          0x00000000        0x0 c:/program files (x86)/cypress/psoc creator/4.0/psoc creator/import/gnu/arm/4.9.3/bin/../lib/gcc/arm-none-eabi/4.9.3/armv7-m/crti.o
 .bss           0x00000000        0x0 c:/program files (x86)/cypress/psoc creator/4.0/psoc creator/import/gnu/arm/4.9.3/bin/../lib/gcc/arm-none-eabi/4.9.3/armv7-m/crti.o
 .data          0x00000000        0x4 c:/program files (x86)/cypress/psoc creator/4.0/psoc creator/import/gnu/arm/4.9.3/bin/../lib/gcc/arm-none-eabi/4.9.3/armv7-m/crtbegin.o
 .text          0x00000000       0x74 c:/program files (x86)/cypress/psoc creator/4.0/psoc creator/import/gnu/arm/4.9.3/bin/../lib/gcc/arm-none-eabi/4.9.3/../../../../arm-none-eabi/lib/armv7-m/crt0.o
 .data          0x00000000        0x0 c:/program files (x86)/cypress/psoc creator/4.0/psoc creator/import/gnu/arm/4.9.3/bin/../lib/gcc/arm-none-eabi/4.9.3/../../../../arm-none-eabi/lib/armv7-m/crt0.o
 .bss           0x00000000        0x0 c:/program files (x86)/cypress/psoc creator/4.0/psoc creator/import/gnu/arm/4.9.3/bin/../lib/gcc/arm-none-eabi/4.9.3/../../../../arm-none-eabi/lib/armv7-m/crt0.o
 .ARM.extab     0x00000000        0x0 c:/program files (x86)/cypress/psoc creator/4.0/psoc creator/import/gnu/arm/4.9.3/bin/../lib/gcc/arm-none-eabi/4.9.3/../../../../arm-none-eabi/lib/armv7-m/crt0.o
 .ARM.exidx     0x00000000        0x8 c:/program files (x86)/cypress/psoc creator/4.0/psoc creator/import/gnu/arm/4.9.3/bin/../lib/gcc/arm-none-eabi/4.9.3/../../../../arm-none-eabi/lib/armv7-m/crt0.o
 .text          0x00000000        0x0 .\CortexM3\ARM_GCC_493\Debug\HTS221TempHumiditySensor.o
 .data          0x00000000        0x0 .\CortexM3\ARM_GCC_493\Debug\HTS221TempHumiditySensor.o
 .bss           0x00000000        0x0 .\CortexM3\ARM_GCC_493\Debug\HTS221TempHumiditySensor.o
 .text.HTS221_Test
                0x00000000        0xc .\CortexM3\ARM_GCC_493\Debug\HTS221TempHumiditySensor.o
 .text          0x00000000        0x0 .\CortexM3\ARM_GCC_493\Debug\LPS25HPressureSensor.o
 .data          0x00000000        0x0 .\CortexM3\ARM_GCC_493\Debug\LPS25HPressureSensor.o
 .bss           0x00000000        0x0 .\CortexM3\ARM_GCC_493\Debug\LPS25HPressureSensor.o
 .text.LPS25H_TEST
                0x00000000        0xc .\CortexM3\ARM_GCC_493\Debug\LPS25HPressureSensor.o
 .text          0x00000000        0x0 .\CortexM3\ARM_GCC_493\Debug\LIS3MDLMagnitometerSensor.o
 .data          0x00000000        0x0 .\CortexM3\ARM_GCC_493\Debug\LIS3MDLMagnitometerSensor.o
 .text.LIS3MDL_TEST
                0x00000000        0xc .\CortexM3\ARM_GCC_493\Debug\LIS3MDLMagnitometerSensor.o
 .text          0x00000000        0x0 .\CortexM3\ARM_GCC_493\Debug\LSM6DS0AccelerometerGyroscopeSensor.o
 .data          0x00000000        0x0 .\CortexM3\ARM_GCC_493\Debug\LSM6DS0AccelerometerGyroscopeSensor.o
 .text.LSM6DS0_TEST
                0x00000000        0xc .\CortexM3\ARM_GCC_493\Debug\LSM6DS0AccelerometerGyroscopeSensor.o
 .text          0x00000000        0x0 .\CortexM3\ARM_GCC_493\Debug\main.o
 .data          0x00000000        0x0 .\CortexM3\ARM_GCC_493\Debug\main.o
 .bss           0x00000000        0x0 .\CortexM3\ARM_GCC_493\Debug\main.o
 .text          0x00000000        0x0 .\CortexM3\ARM_GCC_493\Debug\cymetadata.o
 .data          0x00000000        0x0 .\CortexM3\ARM_GCC_493\Debug\cymetadata.o
 .bss           0x00000000        0x0 .\CortexM3\ARM_GCC_493\Debug\cymetadata.o
 .text          0x00000000        0x0 .\CortexM3\ARM_GCC_493\Debug\Cm3Start.o
 .data          0x00000000        0x4 .\CortexM3\ARM_GCC_493\Debug\Cm3Start.o
 .bss           0x00000000        0x0 .\CortexM3\ARM_GCC_493\Debug\Cm3Start.o
 .text._exit    0x00000000        0xc .\CortexM3\ARM_GCC_493\Debug\Cm3Start.o
 .text._sbrk    0x00000000       0x30 .\CortexM3\ARM_GCC_493\Debug\Cm3Start.o
 .text          0x00000000        0x0 .\CortexM3\ARM_GCC_493\Debug\Design01.a(cyfitter_cfg.o)
 .data          0x00000000        0x0 .\CortexM3\ARM_GCC_493\Debug\Design01.a(cyfitter_cfg.o)
 .bss           0x00000000        0x0 .\CortexM3\ARM_GCC_493\Debug\Design01.a(cyfitter_cfg.o)
 .text.SetAnalogRoutingPumps
                0x00000000       0x1c .\CortexM3\ARM_GCC_493\Debug\Design01.a(cyfitter_cfg.o)
 .text          0x00000000        0x0 .\CortexM3\ARM_GCC_493\Debug\Design01.a(CyLib.o)
 .bss           0x00000000       0x1c .\CortexM3\ARM_GCC_493\Debug\Design01.a(CyLib.o)
 .text.CyUSB_PowerOnCheck
                0x00000000       0x48 .\CortexM3\ARM_GCC_493\Debug\Design01.a(CyLib.o)
 .text.CyBusClk_Internal_SetDivider
                0x00000000       0x48 .\CortexM3\ARM_GCC_493\Debug\Design01.a(CyLib.o)
 .text.CyPLL_OUT_Stop
                0x00000000       0x10 .\CortexM3\ARM_GCC_493\Debug\Design01.a(CyLib.o)
 .text.CyIMO_Stop
                0x00000000       0x1c .\CortexM3\ARM_GCC_493\Debug\Design01.a(CyLib.o)
 .text.CyIMO_EnableDoubler
                0x00000000       0x10 .\CortexM3\ARM_GCC_493\Debug\Design01.a(CyLib.o)
 .text.CyIMO_DisableDoubler
                0x00000000       0x10 .\CortexM3\ARM_GCC_493\Debug\Design01.a(CyLib.o)
 .text.CyMasterClk_SetSource
                0x00000000       0x18 .\CortexM3\ARM_GCC_493\Debug\Design01.a(CyLib.o)
 .text.CyMasterClk_SetDivider
                0x00000000        0xc .\CortexM3\ARM_GCC_493\Debug\Design01.a(CyLib.o)
 .text.CyBusClk_SetDivider
                0x00000000       0x70 .\CortexM3\ARM_GCC_493\Debug\Design01.a(CyLib.o)
 .text.CyUsbClk_SetSource
                0x00000000       0x18 .\CortexM3\ARM_GCC_493\Debug\Design01.a(CyLib.o)
 .text.CyILO_Start1K
                0x00000000       0x10 .\CortexM3\ARM_GCC_493\Debug\Design01.a(CyLib.o)
 .text.CyILO_Stop1K
                0x00000000       0x10 .\CortexM3\ARM_GCC_493\Debug\Design01.a(CyLib.o)
 .text.CyILO_Start100K
                0x00000000       0x10 .\CortexM3\ARM_GCC_493\Debug\Design01.a(CyLib.o)
 .text.CyILO_Stop100K
                0x00000000       0x10 .\CortexM3\ARM_GCC_493\Debug\Design01.a(CyLib.o)
 .text.CyPLL_OUT_Start
                0x00000000       0x78 .\CortexM3\ARM_GCC_493\Debug\Design01.a(CyLib.o)
 .text.CyIMO_Start
                0x00000000       0x60 .\CortexM3\ARM_GCC_493\Debug\Design01.a(CyLib.o)
 .text.CyILO_Enable33K
                0x00000000       0x10 .\CortexM3\ARM_GCC_493\Debug\Design01.a(CyLib.o)
 .text.CyILO_Disable33K
                0x00000000       0x10 .\CortexM3\ARM_GCC_493\Debug\Design01.a(CyLib.o)
 .text.CyILO_SetSource
                0x00000000       0x18 .\CortexM3\ARM_GCC_493\Debug\Design01.a(CyLib.o)
 .text.CyILO_SetPowerMode
                0x00000000       0x24 .\CortexM3\ARM_GCC_493\Debug\Design01.a(CyLib.o)
 .text.CyXTAL_32KHZ_Stop
                0x00000000       0x30 .\CortexM3\ARM_GCC_493\Debug\Design01.a(CyLib.o)
 .text.CyXTAL_32KHZ_ReadStatus
                0x00000000       0x10 .\CortexM3\ARM_GCC_493\Debug\Design01.a(CyLib.o)
 .text.CyXTAL_Start
                0x00000000       0xac .\CortexM3\ARM_GCC_493\Debug\Design01.a(CyLib.o)
 .text.CyXTAL_Stop
                0x00000000       0x10 .\CortexM3\ARM_GCC_493\Debug\Design01.a(CyLib.o)
 .text.CyXTAL_EnableErrStatus
                0x00000000       0x10 .\CortexM3\ARM_GCC_493\Debug\Design01.a(CyLib.o)
 .text.CyXTAL_DisableErrStatus
                0x00000000       0x10 .\CortexM3\ARM_GCC_493\Debug\Design01.a(CyLib.o)
 .text.CyXTAL_ReadStatus
                0x00000000       0x18 .\CortexM3\ARM_GCC_493\Debug\Design01.a(CyLib.o)
 .text.CyXTAL_EnableFaultRecovery
                0x00000000       0x10 .\CortexM3\ARM_GCC_493\Debug\Design01.a(CyLib.o)
 .text.CyXTAL_DisableFaultRecovery
                0x00000000       0x10 .\CortexM3\ARM_GCC_493\Debug\Design01.a(CyLib.o)
 .text.CyXTAL_SetStartup
                0x00000000       0x18 .\CortexM3\ARM_GCC_493\Debug\Design01.a(CyLib.o)
 .text.CyXTAL_SetFbVoltage
                0x00000000       0x18 .\CortexM3\ARM_GCC_493\Debug\Design01.a(CyLib.o)
 .text.CyXTAL_SetWdVoltage
                0x00000000       0x18 .\CortexM3\ARM_GCC_493\Debug\Design01.a(CyLib.o)
 .text.CyPLL_OUT_SetPQ
                0x00000000       0x60 .\CortexM3\ARM_GCC_493\Debug\Design01.a(CyLib.o)
 .text.CyPLL_OUT_SetSource
                0x00000000       0x34 .\CortexM3\ARM_GCC_493\Debug\Design01.a(CyLib.o)
 .text.CyIMO_SetTrimValue
                0x00000000       0xcc .\CortexM3\ARM_GCC_493\Debug\Design01.a(CyLib.o)
 .text.CyIMO_SetFreq
                0x00000000       0xf4 .\CortexM3\ARM_GCC_493\Debug\Design01.a(CyLib.o)
 .text.CyIMO_SetSource
                0x00000000       0x58 .\CortexM3\ARM_GCC_493\Debug\Design01.a(CyLib.o)
 .text.CySoftwareReset
                0x00000000       0x10 .\CortexM3\ARM_GCC_493\Debug\Design01.a(CyLib.o)
 .text.CyDelayUs
                0x00000000       0x14 .\CortexM3\ARM_GCC_493\Debug\Design01.a(CyLib.o)
 .text.CyXTAL_32KHZ_SetPowerMode
                0x00000000       0x84 .\CortexM3\ARM_GCC_493\Debug\Design01.a(CyLib.o)
 .text.CyXTAL_32KHZ_Start
                0x00000000       0x70 .\CortexM3\ARM_GCC_493\Debug\Design01.a(CyLib.o)
 .text.CyDelayFreq
                0x00000000       0x4c .\CortexM3\ARM_GCC_493\Debug\Design01.a(CyLib.o)
 .text.CyWdtStart
                0x00000000       0x40 .\CortexM3\ARM_GCC_493\Debug\Design01.a(CyLib.o)
 .text.CyWdtClear
                0x00000000        0xc .\CortexM3\ARM_GCC_493\Debug\Design01.a(CyLib.o)
 .text.CyVdStickyStatus
                0x00000000       0x2c .\CortexM3\ARM_GCC_493\Debug\Design01.a(CyLib.o)
 .text.CyVdLvDigitEnable
                0x00000000       0x84 .\CortexM3\ARM_GCC_493\Debug\Design01.a(CyLib.o)
 .text.CyVdLvAnalogEnable
                0x00000000       0x80 .\CortexM3\ARM_GCC_493\Debug\Design01.a(CyLib.o)
 .text.CyVdLvDigitDisable
                0x00000000       0x30 .\CortexM3\ARM_GCC_493\Debug\Design01.a(CyLib.o)
 .text.CyVdLvAnalogDisable
                0x00000000       0x28 .\CortexM3\ARM_GCC_493\Debug\Design01.a(CyLib.o)
 .text.CyVdHvAnalogEnable
                0x00000000       0x54 .\CortexM3\ARM_GCC_493\Debug\Design01.a(CyLib.o)
 .text.CyVdHvAnalogDisable
                0x00000000       0x20 .\CortexM3\ARM_GCC_493\Debug\Design01.a(CyLib.o)
 .text.CyVdRealTimeStatus
                0x00000000       0x1c .\CortexM3\ARM_GCC_493\Debug\Design01.a(CyLib.o)
 .text.CyDisableInts
                0x00000000       0x1c .\CortexM3\ARM_GCC_493\Debug\Design01.a(CyLib.o)
 .text.CyEnableInts
                0x00000000       0x18 .\CortexM3\ARM_GCC_493\Debug\Design01.a(CyLib.o)
 .text.CyFlushCache
                0x00000000       0x44 .\CortexM3\ARM_GCC_493\Debug\Design01.a(CyLib.o)
 .text.CyIntSetSysVector
                0x00000000       0x28 .\CortexM3\ARM_GCC_493\Debug\Design01.a(CyLib.o)
 .text.CyIntGetSysVector
                0x00000000       0x20 .\CortexM3\ARM_GCC_493\Debug\Design01.a(CyLib.o)
 .text.CyIntGetVector
                0x00000000       0x24 .\CortexM3\ARM_GCC_493\Debug\Design01.a(CyLib.o)
 .text.CyIntGetPriority
                0x00000000       0x20 .\CortexM3\ARM_GCC_493\Debug\Design01.a(CyLib.o)
 .text.CyIntGetState
                0x00000000       0x24 .\CortexM3\ARM_GCC_493\Debug\Design01.a(CyLib.o)
 .text.CySysTickStop
                0x00000000       0x10 .\CortexM3\ARM_GCC_493\Debug\Design01.a(CyLib.o)
 .text.CySysTickEnableInterrupt
                0x00000000       0x10 .\CortexM3\ARM_GCC_493\Debug\Design01.a(CyLib.o)
 .text.CySysTickEnable
                0x00000000       0x18 .\CortexM3\ARM_GCC_493\Debug\Design01.a(CyLib.o)
 .text.CySysTickDisableInterrupt
                0x00000000       0x10 .\CortexM3\ARM_GCC_493\Debug\Design01.a(CyLib.o)
 .text.CySysTickSetReload
                0x00000000       0x10 .\CortexM3\ARM_GCC_493\Debug\Design01.a(CyLib.o)
 .text.CySysTickGetReload
                0x00000000       0x10 .\CortexM3\ARM_GCC_493\Debug\Design01.a(CyLib.o)
 .text.CySysTickGetValue
                0x00000000       0x10 .\CortexM3\ARM_GCC_493\Debug\Design01.a(CyLib.o)
 .text.CySysTickSetClockSource
                0x00000000       0x20 .\CortexM3\ARM_GCC_493\Debug\Design01.a(CyLib.o)
 .text.CySysTickGetClockSource
                0x00000000       0x10 .\CortexM3\ARM_GCC_493\Debug\Design01.a(CyLib.o)
 .text.CySysTickGetCountFlag
                0x00000000       0x10 .\CortexM3\ARM_GCC_493\Debug\Design01.a(CyLib.o)
 .text.CySysTickServiceCallbacks
                0x00000000       0x28 .\CortexM3\ARM_GCC_493\Debug\Design01.a(CyLib.o)
 .text.CySysTickClear
                0x00000000        0xc .\CortexM3\ARM_GCC_493\Debug\Design01.a(CyLib.o)
 .text.CySysTickInit
                0x00000000       0x58 .\CortexM3\ARM_GCC_493\Debug\Design01.a(CyLib.o)
 .text.CySysTickStart
                0x00000000       0x1c .\CortexM3\ARM_GCC_493\Debug\Design01.a(CyLib.o)
 .text.CySysTickSetCallback
                0x00000000       0x10 .\CortexM3\ARM_GCC_493\Debug\Design01.a(CyLib.o)
 .text.CySysTickGetCallback
                0x00000000       0x10 .\CortexM3\ARM_GCC_493\Debug\Design01.a(CyLib.o)
 .text.CyGetUniqueId
                0x00000000       0x70 .\CortexM3\ARM_GCC_493\Debug\Design01.a(CyLib.o)
 .text          0x00000000        0x0 .\CortexM3\ARM_GCC_493\Debug\Design01.a(cyPm.o)
 .data          0x00000000        0x0 .\CortexM3\ARM_GCC_493\Debug\Design01.a(cyPm.o)
 .bss           0x00000000       0x44 .\CortexM3\ARM_GCC_493\Debug\Design01.a(cyPm.o)
 .text.CyPmHibSlpSaveSet
                0x00000000      0x1dc .\CortexM3\ARM_GCC_493\Debug\Design01.a(cyPm.o)
 .text.CyPmHibSlpRestore
                0x00000000       0xd4 .\CortexM3\ARM_GCC_493\Debug\Design01.a(cyPm.o)
 .text.CyPmHviLviSaveDisable
                0x00000000       0xa0 .\CortexM3\ARM_GCC_493\Debug\Design01.a(cyPm.o)
 .text.CyPmHibSaveSet
                0x00000000       0x8c .\CortexM3\ARM_GCC_493\Debug\Design01.a(cyPm.o)
 .text.CyPmHviLviRestore
                0x00000000       0x48 .\CortexM3\ARM_GCC_493\Debug\Design01.a(cyPm.o)
 .text.CyPmHibRestore
                0x00000000       0x58 .\CortexM3\ARM_GCC_493\Debug\Design01.a(cyPm.o)
 .text.CyPmSaveClocks
                0x00000000      0x218 .\CortexM3\ARM_GCC_493\Debug\Design01.a(cyPm.o)
 .text.CyPmRestoreClocks
                0x00000000      0x24c .\CortexM3\ARM_GCC_493\Debug\Design01.a(cyPm.o)
 .text.CyPmAltAct
                0x00000000       0x6c .\CortexM3\ARM_GCC_493\Debug\Design01.a(cyPm.o)
 .text.CyPmSleep
                0x00000000       0xf4 .\CortexM3\ARM_GCC_493\Debug\Design01.a(cyPm.o)
 .text.CyPmHibernateEx
                0x00000000       0xf4 .\CortexM3\ARM_GCC_493\Debug\Design01.a(cyPm.o)
 .text.CyPmHibernate
                0x00000000        0xc .\CortexM3\ARM_GCC_493\Debug\Design01.a(cyPm.o)
 .text.CyPmReadStatus
                0x00000000       0x30 .\CortexM3\ARM_GCC_493\Debug\Design01.a(cyPm.o)
 .text.CyPmCtwSetInterval
                0x00000000       0x5c .\CortexM3\ARM_GCC_493\Debug\Design01.a(cyPm.o)
 .text.CyPmOppsSet
                0x00000000       0x2c .\CortexM3\ARM_GCC_493\Debug\Design01.a(cyPm.o)
 .text.CyPmFtwSetInterval
                0x00000000       0x5c .\CortexM3\ARM_GCC_493\Debug\Design01.a(cyPm.o)
 .rodata        0x00000000       0x10 .\CortexM3\ARM_GCC_493\Debug\Design01.a(cyPm.o)
 .text          0x00000000        0x0 .\CortexM3\ARM_GCC_493\Debug\Design01.a(PWM_1.o)
 .data          0x00000000        0x0 .\CortexM3\ARM_GCC_493\Debug\Design01.a(PWM_1.o)
 .text.PWM_1_Stop
                0x00000000       0x10 .\CortexM3\ARM_GCC_493\Debug\Design01.a(PWM_1.o)
 .text.PWM_1_ReadCounter
                0x00000000       0x14 .\CortexM3\ARM_GCC_493\Debug\Design01.a(PWM_1.o)
 .text.PWM_1_ReadControlRegister
                0x00000000        0xc .\CortexM3\ARM_GCC_493\Debug\Design01.a(PWM_1.o)
 .text.PWM_1_WriteControlRegister
                0x00000000        0xc .\CortexM3\ARM_GCC_493\Debug\Design01.a(PWM_1.o)
 .text.PWM_1_ReadCompare
                0x00000000        0xc .\CortexM3\ARM_GCC_493\Debug\Design01.a(PWM_1.o)
 .text.PWM_1_ReadPeriod
                0x00000000        0xc .\CortexM3\ARM_GCC_493\Debug\Design01.a(PWM_1.o)
 .text          0x00000000        0x0 .\CortexM3\ARM_GCC_493\Debug\Design01.a(UART_1.o)
 .data          0x00000000        0x0 .\CortexM3\ARM_GCC_493\Debug\Design01.a(UART_1.o)
 .text.UART_1_Stop
                0x00000000       0x3c .\CortexM3\ARM_GCC_493\Debug\Design01.a(UART_1.o)
 .text.UART_1_ReadControlRegister
                0x00000000        0x4 .\CortexM3\ARM_GCC_493\Debug\Design01.a(UART_1.o)
 .text.UART_1_WriteControlRegister
                0x00000000        0x4 .\CortexM3\ARM_GCC_493\Debug\Design01.a(UART_1.o)
 .text.UART_1_SetRxInterruptMode
                0x00000000        0xc .\CortexM3\ARM_GCC_493\Debug\Design01.a(UART_1.o)
 .text.UART_1_ReadRxData
                0x00000000        0xc .\CortexM3\ARM_GCC_493\Debug\Design01.a(UART_1.o)
 .text.UART_1_ReadRxStatus
                0x00000000       0x10 .\CortexM3\ARM_GCC_493\Debug\Design01.a(UART_1.o)
 .text.UART_1_GetChar
                0x00000000       0x2c .\CortexM3\ARM_GCC_493\Debug\Design01.a(UART_1.o)
 .text.UART_1_GetByte
                0x00000000       0x14 .\CortexM3\ARM_GCC_493\Debug\Design01.a(UART_1.o)
 .text.UART_1_GetRxBufferSize
                0x00000000       0x18 .\CortexM3\ARM_GCC_493\Debug\Design01.a(UART_1.o)
 .text.UART_1_ClearRxBuffer
                0x00000000       0x24 .\CortexM3\ARM_GCC_493\Debug\Design01.a(UART_1.o)
 .text.UART_1_SetRxAddressMode
                0x00000000        0x4 .\CortexM3\ARM_GCC_493\Debug\Design01.a(UART_1.o)
 .text.UART_1_SetRxAddress1
                0x00000000        0xc .\CortexM3\ARM_GCC_493\Debug\Design01.a(UART_1.o)
 .text.UART_1_SetRxAddress2
                0x00000000        0xc .\CortexM3\ARM_GCC_493\Debug\Design01.a(UART_1.o)
 .text.UART_1_SetTxInterruptMode
                0x00000000        0xc .\CortexM3\ARM_GCC_493\Debug\Design01.a(UART_1.o)
 .text.UART_1_WriteTxData
                0x00000000       0x14 .\CortexM3\ARM_GCC_493\Debug\Design01.a(UART_1.o)
 .text.UART_1_ReadTxStatus
                0x00000000        0xc .\CortexM3\ARM_GCC_493\Debug\Design01.a(UART_1.o)
 .text.UART_1_PutArray
                0x00000000       0x28 .\CortexM3\ARM_GCC_493\Debug\Design01.a(UART_1.o)
 .text.UART_1_PutCRLF
                0x00000000       0x20 .\CortexM3\ARM_GCC_493\Debug\Design01.a(UART_1.o)
 .text.UART_1_GetTxBufferSize
                0x00000000       0x24 .\CortexM3\ARM_GCC_493\Debug\Design01.a(UART_1.o)
 .text.UART_1_ClearTxBuffer
                0x00000000       0x24 .\CortexM3\ARM_GCC_493\Debug\Design01.a(UART_1.o)
 .text.UART_1_SendBreak
                0x00000000       0x58 .\CortexM3\ARM_GCC_493\Debug\Design01.a(UART_1.o)
 .text.UART_1_SetTxAddressMode
                0x00000000        0x4 .\CortexM3\ARM_GCC_493\Debug\Design01.a(UART_1.o)
 .text          0x00000000        0x0 .\CortexM3\ARM_GCC_493\Debug\Design01.a(UART_1_IntClock.o)
 .data          0x00000000        0x0 .\CortexM3\ARM_GCC_493\Debug\Design01.a(UART_1_IntClock.o)
 .bss           0x00000000        0x0 .\CortexM3\ARM_GCC_493\Debug\Design01.a(UART_1_IntClock.o)
 .text.UART_1_IntClock_Stop
                0x00000000       0x1c .\CortexM3\ARM_GCC_493\Debug\Design01.a(UART_1_IntClock.o)
 .text.UART_1_IntClock_StopBlock
                0x00000000       0x6c .\CortexM3\ARM_GCC_493\Debug\Design01.a(UART_1_IntClock.o)
 .text.UART_1_IntClock_StandbyPower
                0x00000000       0x20 .\CortexM3\ARM_GCC_493\Debug\Design01.a(UART_1_IntClock.o)
 .text.UART_1_IntClock_GetDividerRegister
                0x00000000        0xc .\CortexM3\ARM_GCC_493\Debug\Design01.a(UART_1_IntClock.o)
 .text.UART_1_IntClock_SetModeRegister
                0x00000000       0x14 .\CortexM3\ARM_GCC_493\Debug\Design01.a(UART_1_IntClock.o)
 .text.UART_1_IntClock_ClearModeRegister
                0x00000000       0x18 .\CortexM3\ARM_GCC_493\Debug\Design01.a(UART_1_IntClock.o)
 .text.UART_1_IntClock_GetModeRegister
                0x00000000       0x10 .\CortexM3\ARM_GCC_493\Debug\Design01.a(UART_1_IntClock.o)
 .text.UART_1_IntClock_GetSourceRegister
                0x00000000       0x10 .\CortexM3\ARM_GCC_493\Debug\Design01.a(UART_1_IntClock.o)
 .text.UART_1_IntClock_SetDividerRegister
                0x00000000       0xdc .\CortexM3\ARM_GCC_493\Debug\Design01.a(UART_1_IntClock.o)
 .text.UART_1_IntClock_SetSourceRegister
                0x00000000       0x5c .\CortexM3\ARM_GCC_493\Debug\Design01.a(UART_1_IntClock.o)
 .text          0x00000000        0x0 .\CortexM3\ARM_GCC_493\Debug\Design01.a(I2C_1.o)
 .data          0x00000000        0x0 .\CortexM3\ARM_GCC_493\Debug\Design01.a(I2C_1.o)
 .text.I2C_1_Stop
                0x00000000       0xb4 .\CortexM3\ARM_GCC_493\Debug\Design01.a(I2C_1.o)
 .text          0x00000000        0x0 .\CortexM3\ARM_GCC_493\Debug\Design01.a(I2C_1_INT.o)
 .data          0x00000000        0x0 .\CortexM3\ARM_GCC_493\Debug\Design01.a(I2C_1_INT.o)
 .bss           0x00000000        0x0 .\CortexM3\ARM_GCC_493\Debug\Design01.a(I2C_1_INT.o)
 .text          0x00000000        0x0 .\CortexM3\ARM_GCC_493\Debug\Design01.a(I2C_1_PM.o)
 .data          0x00000000        0x8 .\CortexM3\ARM_GCC_493\Debug\Design01.a(I2C_1_PM.o)
 .bss           0x00000000        0x0 .\CortexM3\ARM_GCC_493\Debug\Design01.a(I2C_1_PM.o)
 .text.I2C_1_SaveConfig
                0x00000000       0x3c .\CortexM3\ARM_GCC_493\Debug\Design01.a(I2C_1_PM.o)
 .text.I2C_1_Sleep
                0x00000000       0x24 .\CortexM3\ARM_GCC_493\Debug\Design01.a(I2C_1_PM.o)
 .text.I2C_1_RestoreConfig
                0x00000000       0x60 .\CortexM3\ARM_GCC_493\Debug\Design01.a(I2C_1_PM.o)
 .text.I2C_1_Wakeup
                0x00000000       0x24 .\CortexM3\ARM_GCC_493\Debug\Design01.a(I2C_1_PM.o)
 .text          0x00000000        0x0 .\CortexM3\ARM_GCC_493\Debug\Design01.a(I2C_1_MASTER.o)
 .data          0x00000000        0x0 .\CortexM3\ARM_GCC_493\Debug\Design01.a(I2C_1_MASTER.o)
 .bss           0x00000000        0x0 .\CortexM3\ARM_GCC_493\Debug\Design01.a(I2C_1_MASTER.o)
 .text.I2C_1_MasterSendStart
                0x00000000       0x80 .\CortexM3\ARM_GCC_493\Debug\Design01.a(I2C_1_MASTER.o)
 .text.I2C_1_MasterSendRestart
                0x00000000       0x6c .\CortexM3\ARM_GCC_493\Debug\Design01.a(I2C_1_MASTER.o)
 .text.I2C_1_MasterSendStop
                0x00000000       0x38 .\CortexM3\ARM_GCC_493\Debug\Design01.a(I2C_1_MASTER.o)
 .text.I2C_1_MasterWriteByte
                0x00000000       0x58 .\CortexM3\ARM_GCC_493\Debug\Design01.a(I2C_1_MASTER.o)
 .text.I2C_1_MasterReadByte
                0x00000000       0x58 .\CortexM3\ARM_GCC_493\Debug\Design01.a(I2C_1_MASTER.o)
 .text.I2C_1_MasterGetReadBufSize
                0x00000000        0xc .\CortexM3\ARM_GCC_493\Debug\Design01.a(I2C_1_MASTER.o)
 .text.I2C_1_MasterGetWriteBufSize
                0x00000000        0xc .\CortexM3\ARM_GCC_493\Debug\Design01.a(I2C_1_MASTER.o)
 .text.I2C_1_MasterClearReadBuf
                0x00000000       0x30 .\CortexM3\ARM_GCC_493\Debug\Design01.a(I2C_1_MASTER.o)
 .text.I2C_1_MasterClearWriteBuf
                0x00000000       0x30 .\CortexM3\ARM_GCC_493\Debug\Design01.a(I2C_1_MASTER.o)
 .data          0x00000000        0x0 .\CortexM3\ARM_GCC_493\Debug\Design01.a(CyBootAsmGnu.o)
 .bss           0x00000000        0x0 .\CortexM3\ARM_GCC_493\Debug\Design01.a(CyBootAsmGnu.o)
 .text          0x00000000        0x0 .\CortexM3\ARM_GCC_493\Debug\Design01.a(CyFlash.o)
 .data          0x00000000        0x0 .\CortexM3\ARM_GCC_493\Debug\Design01.a(CyFlash.o)
 .bss           0x00000000        0x4 .\CortexM3\ARM_GCC_493\Debug\Design01.a(CyFlash.o)
 .text.CyFlashGetSpcAlgorithm
                0x00000000       0x4c .\CortexM3\ARM_GCC_493\Debug\Design01.a(CyFlash.o)
 .text.CySetTempInt
                0x00000000       0x60 .\CortexM3\ARM_GCC_493\Debug\Design01.a(CyFlash.o)
 .text.CyFlash_Start
                0x00000000       0x54 .\CortexM3\ARM_GCC_493\Debug\Design01.a(CyFlash.o)
 .text.CyFlash_Stop
                0x00000000       0x24 .\CortexM3\ARM_GCC_493\Debug\Design01.a(CyFlash.o)
 .text.CySetTemp
                0x00000000       0x14 .\CortexM3\ARM_GCC_493\Debug\Design01.a(CyFlash.o)
 .text.CySetFlashEEBuffer
                0x00000000       0x28 .\CortexM3\ARM_GCC_493\Debug\Design01.a(CyFlash.o)
 .text.CyWriteRowFull
                0x00000000       0xf8 .\CortexM3\ARM_GCC_493\Debug\Design01.a(CyFlash.o)
 .text.CyWriteRowData
                0x00000000       0x14 .\CortexM3\ARM_GCC_493\Debug\Design01.a(CyFlash.o)
 .text.CyFlash_SetWaitCycles
                0x00000000       0x7c .\CortexM3\ARM_GCC_493\Debug\Design01.a(CyFlash.o)
 .text.CyEEPROM_Start
                0x00000000       0x54 .\CortexM3\ARM_GCC_493\Debug\Design01.a(CyFlash.o)
 .text.CyEEPROM_Stop
                0x00000000       0x24 .\CortexM3\ARM_GCC_493\Debug\Design01.a(CyFlash.o)
 .text.CyEEPROM_ReadReserve
                0x00000000       0x1c .\CortexM3\ARM_GCC_493\Debug\Design01.a(CyFlash.o)
 .text.CyEEPROM_ReadRelease
                0x00000000       0x10 .\CortexM3\ARM_GCC_493\Debug\Design01.a(CyFlash.o)
 COMMON         0x00000000        0x2 .\CortexM3\ARM_GCC_493\Debug\Design01.a(CyFlash.o)
 .text          0x00000000        0x0 .\CortexM3\ARM_GCC_493\Debug\Design01.a(CySpc.o)
 .data          0x00000000        0x0 .\CortexM3\ARM_GCC_493\Debug\Design01.a(CySpc.o)
 .bss           0x00000000        0x8 .\CortexM3\ARM_GCC_493\Debug\Design01.a(CySpc.o)
 .text.CySpcStart
                0x00000000       0x24 .\CortexM3\ARM_GCC_493\Debug\Design01.a(CySpc.o)
 .text.CySpcStop
                0x00000000       0x24 .\CortexM3\ARM_GCC_493\Debug\Design01.a(CySpc.o)
 .text.CySpcReadData
                0x00000000       0x34 .\CortexM3\ARM_GCC_493\Debug\Design01.a(CySpc.o)
 .text.CySpcLoadMultiByte
                0x00000000       0x78 .\CortexM3\ARM_GCC_493\Debug\Design01.a(CySpc.o)
 .text.CySpcLoadRow
                0x00000000       0x54 .\CortexM3\ARM_GCC_493\Debug\Design01.a(CySpc.o)
 .text.CySpcLoadRowFull
                0x00000000       0x80 .\CortexM3\ARM_GCC_493\Debug\Design01.a(CySpc.o)
 .text.CySpcWriteRow
                0x00000000       0x4c .\CortexM3\ARM_GCC_493\Debug\Design01.a(CySpc.o)
 .text.CySpcEraseSector
                0x00000000       0x3c .\CortexM3\ARM_GCC_493\Debug\Design01.a(CySpc.o)
 .text.CySpcGetTemp
                0x00000000       0x3c .\CortexM3\ARM_GCC_493\Debug\Design01.a(CySpc.o)
 .text.CySpcLock
                0x00000000       0x4c .\CortexM3\ARM_GCC_493\Debug\Design01.a(CySpc.o)
 .text.CySpcUnlock
                0x00000000       0x38 .\CortexM3\ARM_GCC_493\Debug\Design01.a(CySpc.o)
 .text.CySpcGetAlgorithm
                0x00000000       0x28 .\CortexM3\ARM_GCC_493\Debug\Design01.a(CySpc.o)
 .data          0x00000000        0x0 c:/program files (x86)/cypress/psoc creator/4.0/psoc creator/import/gnu/arm/4.9.3/bin/../lib/gcc/arm-none-eabi/4.9.3/armv7-m\libgcc.a(_arm_addsubdf3.o)
 .bss           0x00000000        0x0 c:/program files (x86)/cypress/psoc creator/4.0/psoc creator/import/gnu/arm/4.9.3/bin/../lib/gcc/arm-none-eabi/4.9.3/armv7-m\libgcc.a(_arm_addsubdf3.o)
 .data          0x00000000        0x0 c:/program files (x86)/cypress/psoc creator/4.0/psoc creator/import/gnu/arm/4.9.3/bin/../lib/gcc/arm-none-eabi/4.9.3/armv7-m\libgcc.a(_arm_muldivdf3.o)
 .bss           0x00000000        0x0 c:/program files (x86)/cypress/psoc creator/4.0/psoc creator/import/gnu/arm/4.9.3/bin/../lib/gcc/arm-none-eabi/4.9.3/armv7-m\libgcc.a(_arm_muldivdf3.o)
 .data          0x00000000        0x0 c:/program files (x86)/cypress/psoc creator/4.0/psoc creator/import/gnu/arm/4.9.3/bin/../lib/gcc/arm-none-eabi/4.9.3/armv7-m\libgcc.a(_arm_fixunsdfsi.o)
 .bss           0x00000000        0x0 c:/program files (x86)/cypress/psoc creator/4.0/psoc creator/import/gnu/arm/4.9.3/bin/../lib/gcc/arm-none-eabi/4.9.3/armv7-m\libgcc.a(_arm_fixunsdfsi.o)
 .text          0x00000000        0x0 c:/program files (x86)/cypress/psoc creator/4.0/psoc creator/import/gnu/arm/4.9.3/bin/../lib/gcc/arm-none-eabi/4.9.3/../../../../arm-none-eabi/lib/armv7-m\libg_nano.a(lib_a-errno.o)
 .data          0x00000000        0x0 c:/program files (x86)/cypress/psoc creator/4.0/psoc creator/import/gnu/arm/4.9.3/bin/../lib/gcc/arm-none-eabi/4.9.3/../../../../arm-none-eabi/lib/armv7-m\libg_nano.a(lib_a-errno.o)
 .bss           0x00000000        0x0 c:/program files (x86)/cypress/psoc creator/4.0/psoc creator/import/gnu/arm/4.9.3/bin/../lib/gcc/arm-none-eabi/4.9.3/../../../../arm-none-eabi/lib/armv7-m\libg_nano.a(lib_a-errno.o)
 .text          0x00000000        0x0 c:/program files (x86)/cypress/psoc creator/4.0/psoc creator/import/gnu/arm/4.9.3/bin/../lib/gcc/arm-none-eabi/4.9.3/../../../../arm-none-eabi/lib/armv7-m\libg_nano.a(lib_a-exit.o)
 .data          0x00000000        0x0 c:/program files (x86)/cypress/psoc creator/4.0/psoc creator/import/gnu/arm/4.9.3/bin/../lib/gcc/arm-none-eabi/4.9.3/../../../../arm-none-eabi/lib/armv7-m\libg_nano.a(lib_a-exit.o)
 .bss           0x00000000        0x0 c:/program files (x86)/cypress/psoc creator/4.0/psoc creator/import/gnu/arm/4.9.3/bin/../lib/gcc/arm-none-eabi/4.9.3/../../../../arm-none-eabi/lib/armv7-m\libg_nano.a(lib_a-exit.o)
 .text.exit     0x00000000       0x28 c:/program files (x86)/cypress/psoc creator/4.0/psoc creator/import/gnu/arm/4.9.3/bin/../lib/gcc/arm-none-eabi/4.9.3/../../../../arm-none-eabi/lib/armv7-m\libg_nano.a(lib_a-exit.o)
 .text          0x00000000        0x0 c:/program files (x86)/cypress/psoc creator/4.0/psoc creator/import/gnu/arm/4.9.3/bin/../lib/gcc/arm-none-eabi/4.9.3/../../../../arm-none-eabi/lib/armv7-m\libg_nano.a(lib_a-impure.o)
 .data          0x00000000        0x0 c:/program files (x86)/cypress/psoc creator/4.0/psoc creator/import/gnu/arm/4.9.3/bin/../lib/gcc/arm-none-eabi/4.9.3/../../../../arm-none-eabi/lib/armv7-m\libg_nano.a(lib_a-impure.o)
 .bss           0x00000000        0x0 c:/program files (x86)/cypress/psoc creator/4.0/psoc creator/import/gnu/arm/4.9.3/bin/../lib/gcc/arm-none-eabi/4.9.3/../../../../arm-none-eabi/lib/armv7-m\libg_nano.a(lib_a-impure.o)
 .rodata._global_impure_ptr
                0x00000000        0x4 c:/program files (x86)/cypress/psoc creator/4.0/psoc creator/import/gnu/arm/4.9.3/bin/../lib/gcc/arm-none-eabi/4.9.3/../../../../arm-none-eabi/lib/armv7-m\libg_nano.a(lib_a-impure.o)
 .text          0x00000000        0x0 c:/program files (x86)/cypress/psoc creator/4.0/psoc creator/import/gnu/arm/4.9.3/bin/../lib/gcc/arm-none-eabi/4.9.3/../../../../arm-none-eabi/lib/armv7-m\libg_nano.a(lib_a-init.o)
 .data          0x00000000        0x0 c:/program files (x86)/cypress/psoc creator/4.0/psoc creator/import/gnu/arm/4.9.3/bin/../lib/gcc/arm-none-eabi/4.9.3/../../../../arm-none-eabi/lib/armv7-m\libg_nano.a(lib_a-init.o)
 .bss           0x00000000        0x0 c:/program files (x86)/cypress/psoc creator/4.0/psoc creator/import/gnu/arm/4.9.3/bin/../lib/gcc/arm-none-eabi/4.9.3/../../../../arm-none-eabi/lib/armv7-m\libg_nano.a(lib_a-init.o)
 .text          0x00000000        0x0 c:/program files (x86)/cypress/psoc creator/4.0/psoc creator/import/gnu/arm/4.9.3/bin/../lib/gcc/arm-none-eabi/4.9.3/../../../../arm-none-eabi/lib/armv7-m\libg_nano.a(lib_a-memcpy.o)
 .data          0x00000000        0x0 c:/program files (x86)/cypress/psoc creator/4.0/psoc creator/import/gnu/arm/4.9.3/bin/../lib/gcc/arm-none-eabi/4.9.3/../../../../arm-none-eabi/lib/armv7-m\libg_nano.a(lib_a-memcpy.o)
 .bss           0x00000000        0x0 c:/program files (x86)/cypress/psoc creator/4.0/psoc creator/import/gnu/arm/4.9.3/bin/../lib/gcc/arm-none-eabi/4.9.3/../../../../arm-none-eabi/lib/armv7-m\libg_nano.a(lib_a-memcpy.o)
 .text          0x00000000        0x0 c:/program files (x86)/cypress/psoc creator/4.0/psoc creator/import/gnu/arm/4.9.3/bin/../lib/gcc/arm-none-eabi/4.9.3/../../../../arm-none-eabi/lib/armv7-m\libg_nano.a(lib_a-memset.o)
 .data          0x00000000        0x0 c:/program files (x86)/cypress/psoc creator/4.0/psoc creator/import/gnu/arm/4.9.3/bin/../lib/gcc/arm-none-eabi/4.9.3/../../../../arm-none-eabi/lib/armv7-m\libg_nano.a(lib_a-memset.o)
 .bss           0x00000000        0x0 c:/program files (x86)/cypress/psoc creator/4.0/psoc creator/import/gnu/arm/4.9.3/bin/../lib/gcc/arm-none-eabi/4.9.3/../../../../arm-none-eabi/lib/armv7-m\libg_nano.a(lib_a-memset.o)
 .text          0x00000000        0x0 c:/program files (x86)/cypress/psoc creator/4.0/psoc creator/import/gnu/arm/4.9.3/bin/../lib/gcc/arm-none-eabi/4.9.3/armv7-m/crtend.o
 .data          0x00000000        0x0 c:/program files (x86)/cypress/psoc creator/4.0/psoc creator/import/gnu/arm/4.9.3/bin/../lib/gcc/arm-none-eabi/4.9.3/armv7-m/crtend.o
 .bss           0x00000000        0x0 c:/program files (x86)/cypress/psoc creator/4.0/psoc creator/import/gnu/arm/4.9.3/bin/../lib/gcc/arm-none-eabi/4.9.3/armv7-m/crtend.o
 .text          0x00000000        0x0 c:/program files (x86)/cypress/psoc creator/4.0/psoc creator/import/gnu/arm/4.9.3/bin/../lib/gcc/arm-none-eabi/4.9.3/armv7-m/crtn.o
 .data          0x00000000        0x0 c:/program files (x86)/cypress/psoc creator/4.0/psoc creator/import/gnu/arm/4.9.3/bin/../lib/gcc/arm-none-eabi/4.9.3/armv7-m/crtn.o
 .bss           0x00000000        0x0 c:/program files (x86)/cypress/psoc creator/4.0/psoc creator/import/gnu/arm/4.9.3/bin/../lib/gcc/arm-none-eabi/4.9.3/armv7-m/crtn.o

Memory Configuration

Name             Origin             Length             Attributes
rom              0x00000000         0x00040000         xr
ram              0x1fff8000         0x00010000         xrw
*default*        0x00000000         0xffffffff

Linker script and memory map

LOAD c:/program files (x86)/cypress/psoc creator/4.0/psoc creator/import/gnu/arm/4.9.3/bin/../lib/gcc/arm-none-eabi/4.9.3/armv7-m/crti.o
LOAD c:/program files (x86)/cypress/psoc creator/4.0/psoc creator/import/gnu/arm/4.9.3/bin/../lib/gcc/arm-none-eabi/4.9.3/armv7-m/crtbegin.o
LOAD c:/program files (x86)/cypress/psoc creator/4.0/psoc creator/import/gnu/arm/4.9.3/bin/../lib/gcc/arm-none-eabi/4.9.3/../../../../arm-none-eabi/lib/armv7-m/crt0.o
START GROUP
LOAD .\CortexM3\ARM_GCC_493\Debug\HTS221TempHumiditySensor.o
LOAD .\CortexM3\ARM_GCC_493\Debug\LPS25HPressureSensor.o
LOAD .\CortexM3\ARM_GCC_493\Debug\LIS3MDLMagnitometerSensor.o
LOAD .\CortexM3\ARM_GCC_493\Debug\LSM6DS0AccelerometerGyroscopeSensor.o
LOAD .\CortexM3\ARM_GCC_493\Debug\main.o
LOAD .\CortexM3\ARM_GCC_493\Debug\cymetadata.o
LOAD .\CortexM3\ARM_GCC_493\Debug\Cm3Start.o
LOAD .\CortexM3\ARM_GCC_493\Debug\Design01.a
LOAD C:\Program Files (x86)\Cypress\PSoC Creator\4.0\PSoC Creator\psoc\content\cycomponentlibrary\CyComponentLibrary.cylib\CortexM3\ARM_GCC_493\Debug\CyComponentLibrary.a
END GROUP
START GROUP
LOAD c:/program files (x86)/cypress/psoc creator/4.0/psoc creator/import/gnu/arm/4.9.3/bin/../lib/gcc/arm-none-eabi/4.9.3/armv7-m\libgcc.a
LOAD c:/program files (x86)/cypress/psoc creator/4.0/psoc creator/import/gnu/arm/4.9.3/bin/../lib/gcc/arm-none-eabi/4.9.3/../../../../arm-none-eabi/lib/armv7-m\libg_nano.a
LOAD c:/program files (x86)/cypress/psoc creator/4.0/psoc creator/import/gnu/arm/4.9.3/bin/../lib/gcc/arm-none-eabi/4.9.3/../../../../arm-none-eabi/lib/armv7-m\libc_nano.a
END GROUP
START GROUP
LOAD c:/program files (x86)/cypress/psoc creator/4.0/psoc creator/import/gnu/arm/4.9.3/bin/../lib/gcc/arm-none-eabi/4.9.3/armv7-m\libgcc.a
LOAD c:/program files (x86)/cypress/psoc creator/4.0/psoc creator/import/gnu/arm/4.9.3/bin/../lib/gcc/arm-none-eabi/4.9.3/../../../../arm-none-eabi/lib/armv7-m\libc_nano.a
END GROUP
LOAD c:/program files (x86)/cypress/psoc creator/4.0/psoc creator/import/gnu/arm/4.9.3/bin/../lib/gcc/arm-none-eabi/4.9.3/armv7-m/crtend.o
LOAD c:/program files (x86)/cypress/psoc creator/4.0/psoc creator/import/gnu/arm/4.9.3/bin/../lib/gcc/arm-none-eabi/4.9.3/armv7-m/crtn.o
START GROUP
LOAD c:/program files (x86)/cypress/psoc creator/4.0/psoc creator/import/gnu/arm/4.9.3/bin/../lib/gcc/arm-none-eabi/4.9.3/armv7-m\libgcc.a
LOAD c:/program files (x86)/cypress/psoc creator/4.0/psoc creator/import/gnu/arm/4.9.3/bin/../lib/gcc/arm-none-eabi/4.9.3/../../../../arm-none-eabi/lib/armv7-m\libc.a
LOAD c:/program files (x86)/cypress/psoc creator/4.0/psoc creator/import/gnu/arm/4.9.3/bin/../lib/gcc/arm-none-eabi/4.9.3/../../../../arm-none-eabi/lib/armv7-m\libnosys.a
END GROUP
                0x00000000                CY_APPL_ORIGIN = 0x0
                0x00000100                CY_FLASH_ROW_SIZE = 0x100
                0x00000020                CY_ECC_ROW_SIZE = 0x20
                0x00000000                CY_EE_IN_BTLDR = 0x0
                0x00000000                CY_APPL_LOADABLE = 0x0
                0x00000800                CY_EE_SIZE = 0x800
                0x00000001                CY_APPL_NUM = 0x1
                0x00000001                CY_APPL_MAX = 0x1
                0x00000040                CY_METADATA_SIZE = 0x40
                0x00000000                CY_APPL_LOADABLE = 0x0
                0x00000000                CY_CHECKSUM_EXCLUDE_SIZE = ALIGN (0x0, CY_FLASH_ROW_SIZE)
                0x1fff81c8                PROVIDE (__cy_heap_start, _end)
                0x00000001                PROVIDE (__cy_region_num, ((__cy_regions_end - __cy_regions) / 0x10))
                0x20008000                PROVIDE (__cy_stack, (ORIGIN (ram) + 0x10000))
                0x20007800                PROVIDE (__cy_heap_end, (__cy_stack - 0x800))

.cybootloader   0x00000000        0x0
 *(.cybootloader)
                0x00000000                appl1_start = CY_APPL_ORIGIN?CY_APPL_ORIGIN:ALIGN (CY_FLASH_ROW_SIZE)
                0x0001ff00                appl2_start = (appl1_start + ALIGN ((((0x40000 - appl1_start) - (0x2 * CY_FLASH_ROW_SIZE)) / 0x2), CY_FLASH_ROW_SIZE))
                0x00000000                appl_start = (CY_APPL_NUM == 0x1)?appl1_start:appl2_start
                0x00000000                ecc_offset = ((appl_start / CY_FLASH_ROW_SIZE) * CY_ECC_ROW_SIZE)
                0x00000000                ee_offset = (CY_APPL_LOADABLE && ! (CY_EE_IN_BTLDR))?((CY_EE_SIZE / CY_APPL_MAX) * (CY_APPL_NUM - 0x1)):0x0
                0x00000800                ee_size = (CY_APPL_LOADABLE && ! (CY_EE_IN_BTLDR))?(CY_EE_SIZE / CY_APPL_MAX):CY_EE_SIZE
                0x00000000                PROVIDE (CY_ECC_OFFSET, ecc_offset)

.text           0x00000000     0x1cea
 CREATE_OBJECT_SYMBOLS
                0x00000000                PROVIDE (__cy_interrupt_vector, RomVectors)
 *(.romvectors)
 .romvectors    0x00000000       0x10 .\CortexM3\ARM_GCC_493\Debug\Cm3Start.o
                0x00000000                RomVectors
                0x00000001                ASSERT ((. != __cy_interrupt_vector), No interrupt vector)
                0x00000001                ASSERT (CY_APPL_ORIGIN?(SIZEOF (.cybootloader) <= CY_APPL_ORIGIN):0x1, Wrong image location)
                0x00000010                PROVIDE (__cy_reset, Reset)
 *(.text.Reset)
 .text.Reset    0x00000010       0x18 .\CortexM3\ARM_GCC_493\Debug\Cm3Start.o
                0x00000010                Reset
                0x00000001                ASSERT ((. != __cy_reset), No reset code)
 *(.dma_init)
                0x00000001                ASSERT ((((appl_start + .) <= 0x10000) || 0x1), DMA Init must be within the first 64k of flash)
 *(.text .text.* .gnu.linkonce.t.*)
 .text          0x00000028       0x5c c:/program files (x86)/cypress/psoc creator/4.0/psoc creator/import/gnu/arm/4.9.3/bin/../lib/gcc/arm-none-eabi/4.9.3/armv7-m/crtbegin.o
 .text.I2C_HTS221
                0x00000084       0x50 .\CortexM3\ARM_GCC_493\Debug\HTS221TempHumiditySensor.o
                0x00000084                I2C_HTS221
 .text.Init_HTS221
                0x000000d4       0x34 .\CortexM3\ARM_GCC_493\Debug\HTS221TempHumiditySensor.o
                0x000000d4                Init_HTS221
 .text.HTS221_Read_Temperature
                0x00000108       0xd8 .\CortexM3\ARM_GCC_493\Debug\HTS221TempHumiditySensor.o
                0x00000108                HTS221_Read_Temperature
 .text.HTS221_Read_Humidity
                0x000001e0       0xb4 .\CortexM3\ARM_GCC_493\Debug\HTS221TempHumiditySensor.o
                0x000001e0                HTS221_Read_Humidity
 .text.I2C_LPS25H
                0x00000294       0x50 .\CortexM3\ARM_GCC_493\Debug\LPS25HPressureSensor.o
                0x00000294                I2C_LPS25H
 .text.Init_LPS25H
                0x000002e4       0x34 .\CortexM3\ARM_GCC_493\Debug\LPS25HPressureSensor.o
                0x000002e4                Init_LPS25H
 .text.LPS25H_Read_PRESSURE
                0x00000318       0x2c .\CortexM3\ARM_GCC_493\Debug\LPS25HPressureSensor.o
                0x00000318                LPS25H_Read_PRESSURE
 .text.I2C_LIS3MDL
                0x00000344       0x50 .\CortexM3\ARM_GCC_493\Debug\LIS3MDLMagnitometerSensor.o
                0x00000344                I2C_LIS3MDL
 .text.LIS3MDL_Read_Magnetiometer
                0x00000394       0xa0 .\CortexM3\ARM_GCC_493\Debug\LIS3MDLMagnitometerSensor.o
                0x00000394                LIS3MDL_Read_Magnetiometer
 .text.Init_LIS3MDL
                0x00000434       0x44 .\CortexM3\ARM_GCC_493\Debug\LIS3MDLMagnitometerSensor.o
                0x00000434                Init_LIS3MDL
 .text.I2C_LSM6DS0
                0x00000478       0x50 .\CortexM3\ARM_GCC_493\Debug\LSM6DS0AccelerometerGyroscopeSensor.o
                0x00000478                I2C_LSM6DS0
 .text.LSM6DS0_Read_Gyrometer
                0x000004c8       0x88 .\CortexM3\ARM_GCC_493\Debug\LSM6DS0AccelerometerGyroscopeSensor.o
                0x000004c8                LSM6DS0_Read_Gyrometer
 .text.LSM6DS0_Read_Acelerometer
                0x00000550       0x98 .\CortexM3\ARM_GCC_493\Debug\LSM6DS0AccelerometerGyroscopeSensor.o
                0x00000550                LSM6DS0_Read_Acelerometer
 .text.Init_LSM6DS0
                0x000005e8       0x44 .\CortexM3\ARM_GCC_493\Debug\LSM6DS0AccelerometerGyroscopeSensor.o
                0x000005e8                Init_LSM6DS0
 .text.i8ToString
                0x0000062c       0x8c .\CortexM3\ARM_GCC_493\Debug\main.o
 .text.i16ToString
                0x000006b8       0xd4 .\CortexM3\ARM_GCC_493\Debug\main.o
 .text.LED_On   0x0000078c        0xc .\CortexM3\ARM_GCC_493\Debug\main.o
 .text.main     0x00000798      0x1e4 .\CortexM3\ARM_GCC_493\Debug\main.o
                0x00000798                main
 .text.IntDefaultHandler
                0x0000097c       0x10 .\CortexM3\ARM_GCC_493\Debug\Cm3Start.o
                0x0000097c                IntDefaultHandler
 .text.Start_c  0x0000098c       0x4c .\CortexM3\ARM_GCC_493\Debug\Cm3Start.o
                0x0000098c                Start_c
 .text.initialize_psoc
                0x000009d8       0x74 .\CortexM3\ARM_GCC_493\Debug\Cm3Start.o
                0x000009d8                initialize_psoc
 .text.CyClockStartupError
                0x00000a4c        0x4 .\CortexM3\ARM_GCC_493\Debug\Design01.a(cyfitter_cfg.o)
 .text.cfg_write_bytes32
                0x00000a50       0x34 .\CortexM3\ARM_GCC_493\Debug\Design01.a(cyfitter_cfg.o)
 .text.AnalogSetDefault
                0x00000a84       0x38 .\CortexM3\ARM_GCC_493\Debug\Design01.a(cyfitter_cfg.o)
 .text.CYMEMZERO
                0x00000abc        0xc .\CortexM3\ARM_GCC_493\Debug\Design01.a(cyfitter_cfg.o)
 .text.ClockSetup
                0x00000ac8       0xc0 .\CortexM3\ARM_GCC_493\Debug\Design01.a(cyfitter_cfg.o)
 .text.CYCONFIGCPY
                0x00000b88        0x8 .\CortexM3\ARM_GCC_493\Debug\Design01.a(cyfitter_cfg.o)
 .text.cyfitter_cfg
                0x00000b90      0x13c .\CortexM3\ARM_GCC_493\Debug\Design01.a(cyfitter_cfg.o)
                0x00000b90                cyfitter_cfg
 .text.CyHalt   0x00000ccc        0x4 .\CortexM3\ARM_GCC_493\Debug\Design01.a(CyLib.o)
                0x00000ccc                CyHalt
 .text.CyDelay  0x00000cd0       0x2c .\CortexM3\ARM_GCC_493\Debug\Design01.a(CyLib.o)
                0x00000cd0                CyDelay
 .text.CyIntSetVector
                0x00000cfc       0x28 .\CortexM3\ARM_GCC_493\Debug\Design01.a(CyLib.o)
                0x00000cfc                CyIntSetVector
 .text.CyIntSetPriority
                0x00000d24       0x30 .\CortexM3\ARM_GCC_493\Debug\Design01.a(CyLib.o)
                0x00000d24                CyIntSetPriority
 .text.PWM_1_Enable
                0x00000d54       0x10 .\CortexM3\ARM_GCC_493\Debug\Design01.a(PWM_1.o)
                0x00000d54                PWM_1_Enable
 .text.PWM_1_WriteCounter
                0x00000d64        0xc .\CortexM3\ARM_GCC_493\Debug\Design01.a(PWM_1.o)
                0x00000d64                PWM_1_WriteCounter
 .text.PWM_1_WritePeriod
                0x00000d70        0xc .\CortexM3\ARM_GCC_493\Debug\Design01.a(PWM_1.o)
                0x00000d70                PWM_1_WritePeriod
 .text.PWM_1_WriteCompare
                0x00000d7c        0xc .\CortexM3\ARM_GCC_493\Debug\Design01.a(PWM_1.o)
                0x00000d7c                PWM_1_WriteCompare
 .text.PWM_1_SetInterruptMode
                0x00000d88        0xc .\CortexM3\ARM_GCC_493\Debug\Design01.a(PWM_1.o)
                0x00000d88                PWM_1_SetInterruptMode
 .text.PWM_1_ReadStatusRegister
                0x00000d94        0xc .\CortexM3\ARM_GCC_493\Debug\Design01.a(PWM_1.o)
                0x00000d94                PWM_1_ReadStatusRegister
 .text.PWM_1_ReadCapture
                0x00000da0        0xc .\CortexM3\ARM_GCC_493\Debug\Design01.a(PWM_1.o)
                0x00000da0                PWM_1_ReadCapture
 .text.PWM_1_ClearFIFO
                0x00000dac       0x14 .\CortexM3\ARM_GCC_493\Debug\Design01.a(PWM_1.o)
                0x00000dac                PWM_1_ClearFIFO
 .text.PWM_1_Init
                0x00000dc0       0x50 .\CortexM3\ARM_GCC_493\Debug\Design01.a(PWM_1.o)
                0x00000dc0                PWM_1_Init
 .text.PWM_1_Start
                0x00000e10       0x1c .\CortexM3\ARM_GCC_493\Debug\Design01.a(PWM_1.o)
                0x00000e10                PWM_1_Start
 .text.UART_1_Init
                0x00000e2c       0x24 .\CortexM3\ARM_GCC_493\Debug\Design01.a(UART_1.o)
                0x00000e2c                UART_1_Init
 .text.UART_1_Enable
                0x00000e50       0x38 .\CortexM3\ARM_GCC_493\Debug\Design01.a(UART_1.o)
                0x00000e50                UART_1_Enable
 .text.UART_1_Start
                0x00000e88       0x1c .\CortexM3\ARM_GCC_493\Debug\Design01.a(UART_1.o)
                0x00000e88                UART_1_Start
 .text.UART_1_PutChar
                0x00000ea4       0x18 .\CortexM3\ARM_GCC_493\Debug\Design01.a(UART_1.o)
                0x00000ea4                UART_1_PutChar
 .text.UART_1_PutString
                0x00000ebc       0x24 .\CortexM3\ARM_GCC_493\Debug\Design01.a(UART_1.o)
                0x00000ebc                UART_1_PutString
 .text.UART_1_IntClock_Start
                0x00000ee0       0x1c .\CortexM3\ARM_GCC_493\Debug\Design01.a(UART_1_IntClock.o)
                0x00000ee0                UART_1_IntClock_Start
 .text.I2C_1_Init
                0x00000efc       0x68 .\CortexM3\ARM_GCC_493\Debug\Design01.a(I2C_1.o)
                0x00000efc                I2C_1_Init
 .text.I2C_1_Enable
                0x00000f64       0x24 .\CortexM3\ARM_GCC_493\Debug\Design01.a(I2C_1.o)
                0x00000f64                I2C_1_Enable
 .text.I2C_1_Start
                0x00000f88       0x28 .\CortexM3\ARM_GCC_493\Debug\Design01.a(I2C_1.o)
                0x00000f88                I2C_1_Start
 .text.I2C_1_ISR
                0x00000fb0      0x2cc .\CortexM3\ARM_GCC_493\Debug\Design01.a(I2C_1_INT.o)
                0x00000fb0                I2C_1_ISR
 .text.I2C_1_MasterWriteBuf
                0x0000127c       0xcc .\CortexM3\ARM_GCC_493\Debug\Design01.a(I2C_1_MASTER.o)
                0x0000127c                I2C_1_MasterWriteBuf
 .text.I2C_1_MasterReadBuf
                0x00001348       0xd0 .\CortexM3\ARM_GCC_493\Debug\Design01.a(I2C_1_MASTER.o)
                0x00001348                I2C_1_MasterReadBuf
 .text.I2C_1_MasterStatus
                0x00001418       0x38 .\CortexM3\ARM_GCC_493\Debug\Design01.a(I2C_1_MASTER.o)
                0x00001418                I2C_1_MasterStatus
 .text.I2C_1_MasterClearStatus
                0x00001450       0x24 .\CortexM3\ARM_GCC_493\Debug\Design01.a(I2C_1_MASTER.o)
                0x00001450                I2C_1_MasterClearStatus
 *fill*         0x00001474        0x4 
 .text          0x00001478       0x20 .\CortexM3\ARM_GCC_493\Debug\Design01.a(CyBootAsmGnu.o)
                0x00001478                CyDelayCycles
                0x00001488                CyEnterCriticalSection
                0x00001490                CyExitCriticalSection
 .text          0x00001498      0x370 c:/program files (x86)/cypress/psoc creator/4.0/psoc creator/import/gnu/arm/4.9.3/bin/../lib/gcc/arm-none-eabi/4.9.3/armv7-m\libgcc.a(_arm_addsubdf3.o)
                0x00001498                __aeabi_drsub
                0x000014a0                __aeabi_dsub
                0x000014a0                __subdf3
                0x000014a4                __aeabi_dadd
                0x000014a4                __adddf3
                0x0000171c                __floatunsidf
                0x0000171c                __aeabi_ui2d
                0x0000173c                __floatsidf
                0x0000173c                __aeabi_i2d
                0x00001760                __aeabi_f2d
                0x00001760                __extendsfdf2
                0x0000179c                __floatundidf
                0x0000179c                __aeabi_ul2d
                0x000017ac                __floatdidf
                0x000017ac                __aeabi_l2d
 .text          0x00001808      0x424 c:/program files (x86)/cypress/psoc creator/4.0/psoc creator/import/gnu/arm/4.9.3/bin/../lib/gcc/arm-none-eabi/4.9.3/armv7-m\libgcc.a(_arm_muldivdf3.o)
                0x00001808                __aeabi_dmul
                0x00001808                __muldf3
                0x00001a5c                __divdf3
                0x00001a5c                __aeabi_ddiv
 .text          0x00001c2c       0x40 c:/program files (x86)/cypress/psoc creator/4.0/psoc creator/import/gnu/arm/4.9.3/bin/../lib/gcc/arm-none-eabi/4.9.3/armv7-m\libgcc.a(_arm_fixunsdfsi.o)
                0x00001c2c                __aeabi_d2uiz
                0x00001c2c                __fixunsdfsi
 .text.__errno  0x00001c6c        0xc c:/program files (x86)/cypress/psoc creator/4.0/psoc creator/import/gnu/arm/4.9.3/bin/../lib/gcc/arm-none-eabi/4.9.3/../../../../arm-none-eabi/lib/armv7-m\libg_nano.a(lib_a-errno.o)
                0x00001c6c                __errno
 .text.__libc_init_array
                0x00001c78       0x4c c:/program files (x86)/cypress/psoc creator/4.0/psoc creator/import/gnu/arm/4.9.3/bin/../lib/gcc/arm-none-eabi/4.9.3/../../../../arm-none-eabi/lib/armv7-m\libg_nano.a(lib_a-init.o)
                0x00001c78                __libc_init_array
 .text.memcpy   0x00001cc4       0x16 c:/program files (x86)/cypress/psoc creator/4.0/psoc creator/import/gnu/arm/4.9.3/bin/../lib/gcc/arm-none-eabi/4.9.3/../../../../arm-none-eabi/lib/armv7-m\libg_nano.a(lib_a-memcpy.o)
                0x00001cc4                memcpy
 .text.memset   0x00001cda       0x10 c:/program files (x86)/cypress/psoc creator/4.0/psoc creator/import/gnu/arm/4.9.3/bin/../lib/gcc/arm-none-eabi/4.9.3/../../../../arm-none-eabi/lib/armv7-m\libg_nano.a(lib_a-memset.o)
                0x00001cda                memset
 *(.plt)
 *(.gnu.warning)
 *(.glue_7t)
 .glue_7t       0x00000000        0x0 linker stubs
 *(.glue_7)
 .glue_7        0x00000000        0x0 linker stubs
 *(.vfp11_veneer)
 .vfp11_veneer  0x00000000        0x0 linker stubs
 *(.bootloader)
 *(.ARM.extab* .gnu.linkonce.armextab.*)
 *(.gcc_except_table)

.v4_bx          0x00001cec        0x0
 .v4_bx         0x00000000        0x0 linker stubs

.iplt           0x00001cec        0x0
 .iplt          0x00000000        0x0 c:/program files (x86)/cypress/psoc creator/4.0/psoc creator/import/gnu/arm/4.9.3/bin/../lib/gcc/arm-none-eabi/4.9.3/armv7-m/crtbegin.o

.eh_frame_hdr
 *(.eh_frame_hdr)

.eh_frame       0x00001cec        0x4
 *(.eh_frame)
 .eh_frame      0x00001cec        0x0 c:/program files (x86)/cypress/psoc creator/4.0/psoc creator/import/gnu/arm/4.9.3/bin/../lib/gcc/arm-none-eabi/4.9.3/armv7-m/crtbegin.o
 .eh_frame      0x00001cec        0x4 c:/program files (x86)/cypress/psoc creator/4.0/psoc creator/import/gnu/arm/4.9.3/bin/../lib/gcc/arm-none-eabi/4.9.3/armv7-m/crtend.o
                0x00001cf0                PROVIDE (__exidx_start, .)

.ARM.exidx
 *(.ARM.exidx* .gnu.linkonce.armexidx.*)
                0x00001cf0                __exidx_end = .

.rodata         0x00001cf0      0x130
 *(.rodata .rodata.* .gnu.linkonce.r.*)
 .rodata        0x00001cf0        0x4 .\CortexM3\ARM_GCC_493\Debug\main.o
 .rodata.str1.4
                0x00001cf4       0xa0 .\CortexM3\ARM_GCC_493\Debug\main.o
 .rodata        0x00001d94       0x50 .\CortexM3\ARM_GCC_493\Debug\Design01.a(cyfitter_cfg.o)
 .rodata.str1.1
                0x00001de4        0x2 c:/program files (x86)/cypress/psoc creator/4.0/psoc creator/import/gnu/arm/4.9.3/bin/../lib/gcc/arm-none-eabi/4.9.3/../../../../arm-none-eabi/lib/armv7-m\libg_nano.a(lib_a-impure.o)
                0x00001de8                . = ALIGN (0x4)
 *fill*         0x00001de6        0x2 
 *(.init)
 .init          0x00001de8        0x4 c:/program files (x86)/cypress/psoc creator/4.0/psoc creator/import/gnu/arm/4.9.3/bin/../lib/gcc/arm-none-eabi/4.9.3/armv7-m/crti.o
                0x00001de8                _init
 .init          0x00001dec        0x8 c:/program files (x86)/cypress/psoc creator/4.0/psoc creator/import/gnu/arm/4.9.3/bin/../lib/gcc/arm-none-eabi/4.9.3/armv7-m/crtn.o
                0x00001df4                . = ALIGN (0x4)
                0x00001df4                __preinit_array_start = .
 *(.preinit_array)
                0x00001df4                __preinit_array_end = .
                0x00001df4                . = ALIGN (0x4)
                0x00001df4                __init_array_start = .
 *(SORT(.init_array.*))
 *(.init_array)
 .init_array    0x00001df4        0x4 c:/program files (x86)/cypress/psoc creator/4.0/psoc creator/import/gnu/arm/4.9.3/bin/../lib/gcc/arm-none-eabi/4.9.3/armv7-m/crtbegin.o
 .init_array    0x00001df8        0x4 .\CortexM3\ARM_GCC_493\Debug\Cm3Start.o
                0x00001dfc                __init_array_end = .
                0x00001dfc                . = ALIGN (0x4)
 *(.fini)
 .fini          0x00001dfc        0x4 c:/program files (x86)/cypress/psoc creator/4.0/psoc creator/import/gnu/arm/4.9.3/bin/../lib/gcc/arm-none-eabi/4.9.3/armv7-m/crti.o
                0x00001dfc                _fini
 .fini          0x00001e00        0x8 c:/program files (x86)/cypress/psoc creator/4.0/psoc creator/import/gnu/arm/4.9.3/bin/../lib/gcc/arm-none-eabi/4.9.3/armv7-m/crtn.o
                0x00001e08                . = ALIGN (0x4)
                0x00001e08                __fini_array_start = .
 *(.fini_array)
 .fini_array    0x00001e08        0x4 c:/program files (x86)/cypress/psoc creator/4.0/psoc creator/import/gnu/arm/4.9.3/bin/../lib/gcc/arm-none-eabi/4.9.3/armv7-m/crtbegin.o
 *(SORT(.fini_array.*))
                0x00001e0c                __fini_array_end = .
                0x00001e0c                . = ALIGN (0x4)
 *crtbegin.o(.ctors)
 *(EXCLUDE_FILE(*crtend.o) .ctors)
 *(SORT(.ctors.*))
 *crtend.o(.ctors)
                0x00001e0c                . = ALIGN (0x4)
 *crtbegin.o(.dtors)
 *(EXCLUDE_FILE(*crtend.o) .dtors)
 *(SORT(.dtors.*))
 *crtend.o(.dtors)
                0x00001e0c                . = ALIGN (0x4)
                0x00001e0c                __cy_regions = .
                0x00001e0c        0x4 LONG 0x1e20 __cy_region_init_ram
                0x00001e10        0x4 LONG 0x1fff8108 __cy_region_start_data
                0x00001e14        0x4 LONG 0x78 __cy_region_init_size_ram
                0x00001e18        0x4 LONG 0x48 __cy_region_zero_size_ram
                0x00001e1c                __cy_regions_end = .
                0x00001e20                . = ALIGN (0x8)
 *fill*         0x00001e1c        0x4 
                0x00001e20                _etext = .

.cy_checksum_exclude
                0x00001e20        0x0
 *(.cy_checksum_exclude)

.ramvectors     0x1fff8000      0x100
                0x1fff8000                __cy_region_start_ram = .
 *(.ramvectors)
 .ramvectors    0x1fff8000      0x100 .\CortexM3\ARM_GCC_493\Debug\Cm3Start.o
                0x1fff8000                CyRamVectors

.noinit         0x1fff8100        0x5
 *(.noinit)
 .noinit        0x1fff8100        0x4 .\CortexM3\ARM_GCC_493\Debug\Cm3Start.o
 .noinit        0x1fff8104        0x1 .\CortexM3\ARM_GCC_493\Debug\Design01.a(CyLib.o)
                0x1fff8104                CyResetStatus

.data           0x1fff8108       0x78 load address 0x00001e20
                0x1fff8108                __cy_region_start_data = .
 *(.jcr)
 .jcr           0x1fff8108        0x0 c:/program files (x86)/cypress/psoc creator/4.0/psoc creator/import/gnu/arm/4.9.3/bin/../lib/gcc/arm-none-eabi/4.9.3/armv7-m/crtbegin.o
 .jcr           0x1fff8108        0x4 c:/program files (x86)/cypress/psoc creator/4.0/psoc creator/import/gnu/arm/4.9.3/bin/../lib/gcc/arm-none-eabi/4.9.3/armv7-m/crtend.o
 *(.got.plt)
 *(.got)
 *(.shdata)
 *(.data .data.* .gnu.linkonce.d.*)
 .data          0x1fff810c       0x10 .\CortexM3\ARM_GCC_493\Debug\Design01.a(CyLib.o)
                0x1fff810c                cydelay_32k_ms
                0x1fff8110                cydelay_freq_khz
                0x1fff8114                cydelay_freq_mhz
                0x1fff8118                cydelay_freq_hz
 .data.impure_data
                0x1fff811c       0x60 c:/program files (x86)/cypress/psoc creator/4.0/psoc creator/import/gnu/arm/4.9.3/bin/../lib/gcc/arm-none-eabi/4.9.3/../../../../arm-none-eabi/lib/armv7-m\libg_nano.a(lib_a-impure.o)
 .data._impure_ptr
                0x1fff817c        0x4 c:/program files (x86)/cypress/psoc creator/4.0/psoc creator/import/gnu/arm/4.9.3/bin/../lib/gcc/arm-none-eabi/4.9.3/../../../../arm-none-eabi/lib/armv7-m\libg_nano.a(lib_a-impure.o)
                0x1fff817c                _impure_ptr
                0x1fff8180                . = ALIGN (0x8)
 *(.ram)
                0x1fff8180                _edata = .

.igot.plt       0x1fff8180        0x0 load address 0x00001e98
 .igot.plt      0x00000000        0x0 c:/program files (x86)/cypress/psoc creator/4.0/psoc creator/import/gnu/arm/4.9.3/bin/../lib/gcc/arm-none-eabi/4.9.3/armv7-m/crtbegin.o

.bss            0x1fff8180       0x48 load address 0x00001e98
                0x1fff8180                PROVIDE (__bss_start__, .)
 *(.shbss)
 *(.bss .bss.* .gnu.linkonce.b.*)
 .bss           0x1fff8180       0x1c c:/program files (x86)/cypress/psoc creator/4.0/psoc creator/import/gnu/arm/4.9.3/bin/../lib/gcc/arm-none-eabi/4.9.3/armv7-m/crtbegin.o
 .bss           0x1fff819c        0x6 .\CortexM3\ARM_GCC_493\Debug\LIS3MDLMagnitometerSensor.o
                0x1fff819c                X_Abs
                0x1fff819e                Y_Abs
                0x1fff81a0                Z_Abs
 .bss           0x1fff81a2        0xc .\CortexM3\ARM_GCC_493\Debug\LSM6DS0AccelerometerGyroscopeSensor.o
                0x1fff81a2                X_G_Abs
                0x1fff81a4                Y_G_Abs
                0x1fff81a6                Z_G_Abs
                0x1fff81a8                X_A_Abs
                0x1fff81aa                Y_A_Abs
                0x1fff81ac                Z_A_Abs
 .bss           0x1fff81ae        0x1 .\CortexM3\ARM_GCC_493\Debug\Design01.a(PWM_1.o)
                0x1fff81ae                PWM_1_initVar
 .bss           0x1fff81af        0x2 .\CortexM3\ARM_GCC_493\Debug\Design01.a(UART_1.o)
                0x1fff81af                UART_1_initVar
 .bss           0x1fff81b1        0x1 .\CortexM3\ARM_GCC_493\Debug\Design01.a(I2C_1.o)
                0x1fff81b1                I2C_1_initVar
 *(COMMON)
 COMMON         0x1fff81b2        0x1 .\CortexM3\ARM_GCC_493\Debug\Design01.a(I2C_1.o)
                0x1fff81b2                I2C_1_state
 *fill*         0x1fff81b3        0x1 
 COMMON         0x1fff81b4       0x11 .\CortexM3\ARM_GCC_493\Debug\Design01.a(I2C_1_MASTER.o)
                0x1fff81b4                I2C_1_mstrWrBufIndex
                0x1fff81b5                I2C_1_mstrControl
                0x1fff81b6                I2C_1_mstrStatus
                0x1fff81b7                I2C_1_mstrWrBufSize
                0x1fff81b8                I2C_1_mstrRdBufIndex
                0x1fff81bc                I2C_1_mstrWrBufPtr
                0x1fff81c0                I2C_1_mstrRdBufPtr
                0x1fff81c4                I2C_1_mstrRdBufSize
                0x1fff81c8                . = ALIGN (0x8)
 *fill*         0x1fff81c5        0x3 
 *(.ram.b)
                0x1fff81c8                _end = .
                0x1fff81c8                __end = .
                0x1fff81c8                PROVIDE (end, .)
                0x1fff81c8                PROVIDE (__bss_end__, .)
                0x00001e20                __cy_region_init_ram = LOADADDR (.data)
                0x00000078                __cy_region_init_size_ram = (_edata - ADDR (.data))
                0x00000048                __cy_region_zero_size_ram = (_end - _edata)

.heap           0x1fff81c8       0x80 load address 0x00001e98
                0x1fff81c8                . = _end
                0x1fff8248                . = (. + 0x80)
 *fill*         0x1fff81c8       0x80 
                0x1fff8248                __cy_heap_limit = .

.stack          0x20007800      0x800
                0x20007800                __cy_stack_limit = .
                0x20008000                . = (. + 0x800)
 *fill*         0x20007800      0x800 
                0x00000001                ASSERT ((__cy_stack_limit >= __cy_heap_limit), region RAM overflowed with stack)
                0x00000000                cy_checksum_exclude_size = (CY_APPL_LOADABLE == 0x1)?SIZEOF (.cy_checksum_exclude):0x0
                0x00000001                ASSERT ((cy_checksum_exclude_size <= CY_CHECKSUM_EXCLUDE_SIZE), CY_BOOT: Section .cy_checksum_exclude size exceedes specified limit.)

.cyloadermeta
 *(.cyloadermeta)

.cyloadablemeta
 *(.cyloadablemeta)

.cyconfigecc    0x80000000      0x4e0
 *(.cyconfigecc)
 .cyconfigecc   0x80000000      0x4e0 .\CortexM3\ARM_GCC_493\Debug\cymetadata.o
                0x80000000                cy_meta_configecc

.cycustnvl      0x90000000        0x4
 *(.cycustnvl)
 .cycustnvl     0x90000000        0x4 .\CortexM3\ARM_GCC_493\Debug\cymetadata.o
                0x90000000                cy_meta_custnvl

.cywolatch      0x90100000        0x4
 *(.cywolatch)
 .cywolatch     0x90100000        0x4 .\CortexM3\ARM_GCC_493\Debug\cymetadata.o
                0x90100000                cy_meta_wonvl

.cyeeprom       0x90200000        0x0
 *(.cyeeprom)
                0x00000001                ASSERT ((. <= ((0x90200000 + ee_offset) + ee_size)), .cyeeprom data will not fit in EEPROM)

.cyflashprotect
                0x90400000      0x100
 *(.cyflashprotect)
 .cyflashprotect
                0x90400000      0x100 .\CortexM3\ARM_GCC_493\Debug\cymetadata.o
                0x90400000                cy_meta_flashprotect

.cymeta         0x90500000        0xc
 *(.cymeta)
 .cymeta        0x90500000        0xc .\CortexM3\ARM_GCC_493\Debug\cymetadata.o
                0x90500000                cy_metadata

.rel.dyn        0x00001e98        0x0 load address 0x9050000c
 .rel.iplt      0x00000000        0x0 c:/program files (x86)/cypress/psoc creator/4.0/psoc creator/import/gnu/arm/4.9.3/bin/../lib/gcc/arm-none-eabi/4.9.3/armv7-m/crtbegin.o

.stab
 *(.stab)

.stabstr
 *(.stabstr)

.debug
 *(.debug)

.line
 *(.line)

.debug_srcinfo
 *(.debug_srcinfo)

.debug_sfnames
 *(.debug_sfnames)

.debug_aranges  0x00000000      0x938
 *(.debug_aranges)
 .debug_aranges
                0x00000000       0x40 .\CortexM3\ARM_GCC_493\Debug\HTS221TempHumiditySensor.o
 .debug_aranges
                0x00000040       0x38 .\CortexM3\ARM_GCC_493\Debug\LPS25HPressureSensor.o
 .debug_aranges
                0x00000078       0x38 .\CortexM3\ARM_GCC_493\Debug\LIS3MDLMagnitometerSensor.o
 .debug_aranges
                0x000000b0       0x40 .\CortexM3\ARM_GCC_493\Debug\LSM6DS0AccelerometerGyroscopeSensor.o
 .debug_aranges
                0x000000f0       0x38 .\CortexM3\ARM_GCC_493\Debug\main.o
 .debug_aranges
                0x00000128       0x18 .\CortexM3\ARM_GCC_493\Debug\cymetadata.o
 .debug_aranges
                0x00000140       0x48 .\CortexM3\ARM_GCC_493\Debug\Cm3Start.o
 .debug_aranges
                0x00000188       0x58 .\CortexM3\ARM_GCC_493\Debug\Design01.a(cyfitter_cfg.o)
 .debug_aranges
                0x000001e0      0x2a0 .\CortexM3\ARM_GCC_493\Debug\Design01.a(CyLib.o)
 .debug_aranges
                0x00000480       0x98 .\CortexM3\ARM_GCC_493\Debug\Design01.a(cyPm.o)
 .debug_aranges
                0x00000518       0x98 .\CortexM3\ARM_GCC_493\Debug\Design01.a(PWM_1.o)
 .debug_aranges
                0x000005b0       0xf0 .\CortexM3\ARM_GCC_493\Debug\Design01.a(UART_1.o)
 .debug_aranges
                0x000006a0       0x70 .\CortexM3\ARM_GCC_493\Debug\Design01.a(UART_1_IntClock.o)
 .debug_aranges
                0x00000710       0x38 .\CortexM3\ARM_GCC_493\Debug\Design01.a(I2C_1.o)
 .debug_aranges
                0x00000748       0x20 .\CortexM3\ARM_GCC_493\Debug\Design01.a(I2C_1_INT.o)
 .debug_aranges
                0x00000768       0x38 .\CortexM3\ARM_GCC_493\Debug\Design01.a(I2C_1_PM.o)
 .debug_aranges
                0x000007a0       0x80 .\CortexM3\ARM_GCC_493\Debug\Design01.a(I2C_1_MASTER.o)
 .debug_aranges
                0x00000820       0x20 .\CortexM3\ARM_GCC_493\Debug\Design01.a(CyBootAsmGnu.o)
 .debug_aranges
                0x00000840       0x80 .\CortexM3\ARM_GCC_493\Debug\Design01.a(CyFlash.o)
 .debug_aranges
                0x000008c0       0x78 .\CortexM3\ARM_GCC_493\Debug\Design01.a(CySpc.o)

.debug_pubnames
 *(.debug_pubnames)

.debug_info     0x00000000     0x64f8
 *(.debug_info .gnu.linkonce.wi.*)
 .debug_info    0x00000000      0x599 .\CortexM3\ARM_GCC_493\Debug\HTS221TempHumiditySensor.o
 .debug_info    0x00000599      0x351 .\CortexM3\ARM_GCC_493\Debug\LPS25HPressureSensor.o
 .debug_info    0x000008ea      0x41e .\CortexM3\ARM_GCC_493\Debug\LIS3MDLMagnitometerSensor.o
 .debug_info    0x00000d08      0x558 .\CortexM3\ARM_GCC_493\Debug\LSM6DS0AccelerometerGyroscopeSensor.o
 .debug_info    0x00001260      0x82c .\CortexM3\ARM_GCC_493\Debug\main.o
 .debug_info    0x00001a8c      0x13c .\CortexM3\ARM_GCC_493\Debug\cymetadata.o
 .debug_info    0x00001bc8      0x3b3 .\CortexM3\ARM_GCC_493\Debug\Cm3Start.o
 .debug_info    0x00001f7b      0x5fc .\CortexM3\ARM_GCC_493\Debug\Design01.a(cyfitter_cfg.o)
 .debug_info    0x00002577     0x1385 .\CortexM3\ARM_GCC_493\Debug\Design01.a(CyLib.o)
 .debug_info    0x000038fc      0xa57 .\CortexM3\ARM_GCC_493\Debug\Design01.a(cyPm.o)
 .debug_info    0x00004353      0x32f .\CortexM3\ARM_GCC_493\Debug\Design01.a(PWM_1.o)
 .debug_info    0x00004682      0x603 .\CortexM3\ARM_GCC_493\Debug\Design01.a(UART_1.o)
 .debug_info    0x00004c85      0x283 .\CortexM3\ARM_GCC_493\Debug\Design01.a(UART_1_IntClock.o)
 .debug_info    0x00004f08      0x2db .\CortexM3\ARM_GCC_493\Debug\Design01.a(I2C_1.o)
 .debug_info    0x000051e3      0x17f .\CortexM3\ARM_GCC_493\Debug\Design01.a(I2C_1_INT.o)
 .debug_info    0x00005362      0x1fe .\CortexM3\ARM_GCC_493\Debug\Design01.a(I2C_1_PM.o)
 .debug_info    0x00005560      0x400 .\CortexM3\ARM_GCC_493\Debug\Design01.a(I2C_1_MASTER.o)
 .debug_info    0x00005960       0xa6 .\CortexM3\ARM_GCC_493\Debug\Design01.a(CyBootAsmGnu.o)
 .debug_info    0x00005a06      0x608 .\CortexM3\ARM_GCC_493\Debug\Design01.a(CyFlash.o)
 .debug_info    0x0000600e      0x4ea .\CortexM3\ARM_GCC_493\Debug\Design01.a(CySpc.o)

.debug_abbrev   0x00000000     0x1db3
 *(.debug_abbrev)
 .debug_abbrev  0x00000000      0x19b .\CortexM3\ARM_GCC_493\Debug\HTS221TempHumiditySensor.o
 .debug_abbrev  0x0000019b      0x172 .\CortexM3\ARM_GCC_493\Debug\LPS25HPressureSensor.o
 .debug_abbrev  0x0000030d      0x1bb .\CortexM3\ARM_GCC_493\Debug\LIS3MDLMagnitometerSensor.o
 .debug_abbrev  0x000004c8      0x19d .\CortexM3\ARM_GCC_493\Debug\LSM6DS0AccelerometerGyroscopeSensor.o
 .debug_abbrev  0x00000665      0x1e1 .\CortexM3\ARM_GCC_493\Debug\main.o
 .debug_abbrev  0x00000846       0x77 .\CortexM3\ARM_GCC_493\Debug\cymetadata.o
 .debug_abbrev  0x000008bd      0x1f7 .\CortexM3\ARM_GCC_493\Debug\Cm3Start.o
 .debug_abbrev  0x00000ab4      0x212 .\CortexM3\ARM_GCC_493\Debug\Design01.a(cyfitter_cfg.o)
 .debug_abbrev  0x00000cc6      0x296 .\CortexM3\ARM_GCC_493\Debug\Design01.a(CyLib.o)
 .debug_abbrev  0x00000f5c      0x1ed .\CortexM3\ARM_GCC_493\Debug\Design01.a(cyPm.o)
 .debug_abbrev  0x00001149      0x14d .\CortexM3\ARM_GCC_493\Debug\Design01.a(PWM_1.o)
 .debug_abbrev  0x00001296      0x1a2 .\CortexM3\ARM_GCC_493\Debug\Design01.a(UART_1.o)
 .debug_abbrev  0x00001438      0x139 .\CortexM3\ARM_GCC_493\Debug\Design01.a(UART_1_IntClock.o)
 .debug_abbrev  0x00001571      0x15c .\CortexM3\ARM_GCC_493\Debug\Design01.a(I2C_1.o)
 .debug_abbrev  0x000016cd       0xbd .\CortexM3\ARM_GCC_493\Debug\Design01.a(I2C_1_INT.o)
 .debug_abbrev  0x0000178a      0x12b .\CortexM3\ARM_GCC_493\Debug\Design01.a(I2C_1_PM.o)
 .debug_abbrev  0x000018b5      0x13c .\CortexM3\ARM_GCC_493\Debug\Design01.a(I2C_1_MASTER.o)
 .debug_abbrev  0x000019f1       0x14 .\CortexM3\ARM_GCC_493\Debug\Design01.a(CyBootAsmGnu.o)
 .debug_abbrev  0x00001a05      0x1ed .\CortexM3\ARM_GCC_493\Debug\Design01.a(CyFlash.o)
 .debug_abbrev  0x00001bf2      0x1c1 .\CortexM3\ARM_GCC_493\Debug\Design01.a(CySpc.o)

.debug_line     0x00000000     0x2a70
 *(.debug_line)
 .debug_line    0x00000000      0x20c .\CortexM3\ARM_GCC_493\Debug\HTS221TempHumiditySensor.o
 .debug_line    0x0000020c      0x1e5 .\CortexM3\ARM_GCC_493\Debug\LPS25HPressureSensor.o
 .debug_line    0x000003f1      0x1f3 .\CortexM3\ARM_GCC_493\Debug\LIS3MDLMagnitometerSensor.o
 .debug_line    0x000005e4      0x211 .\CortexM3\ARM_GCC_493\Debug\LSM6DS0AccelerometerGyroscopeSensor.o
 .debug_line    0x000007f5      0x357 .\CortexM3\ARM_GCC_493\Debug\main.o
 .debug_line    0x00000b4c       0x51 .\CortexM3\ARM_GCC_493\Debug\cymetadata.o
 .debug_line    0x00000b9d      0x24f .\CortexM3\ARM_GCC_493\Debug\Cm3Start.o
 .debug_line    0x00000dec      0x204 .\CortexM3\ARM_GCC_493\Debug\Design01.a(cyfitter_cfg.o)
 .debug_line    0x00000ff0      0x816 .\CortexM3\ARM_GCC_493\Debug\Design01.a(CyLib.o)
 .debug_line    0x00001806      0x364 .\CortexM3\ARM_GCC_493\Debug\Design01.a(cyPm.o)
 .debug_line    0x00001b6a      0x185 .\CortexM3\ARM_GCC_493\Debug\Design01.a(PWM_1.o)
 .debug_line    0x00001cef      0x2c0 .\CortexM3\ARM_GCC_493\Debug\Design01.a(UART_1.o)
 .debug_line    0x00001faf      0x17e .\CortexM3\ARM_GCC_493\Debug\Design01.a(UART_1_IntClock.o)
 .debug_line    0x0000212d       0xdf .\CortexM3\ARM_GCC_493\Debug\Design01.a(I2C_1.o)
 .debug_line    0x0000220c      0x118 .\CortexM3\ARM_GCC_493\Debug\Design01.a(I2C_1_INT.o)
 .debug_line    0x00002324       0xbf .\CortexM3\ARM_GCC_493\Debug\Design01.a(I2C_1_PM.o)
 .debug_line    0x000023e3      0x201 .\CortexM3\ARM_GCC_493\Debug\Design01.a(I2C_1_MASTER.o)
 .debug_line    0x000025e4       0x66 .\CortexM3\ARM_GCC_493\Debug\Design01.a(CyBootAsmGnu.o)
 .debug_line    0x0000264a      0x1ea .\CortexM3\ARM_GCC_493\Debug\Design01.a(CyFlash.o)
 .debug_line    0x00002834      0x23c .\CortexM3\ARM_GCC_493\Debug\Design01.a(CySpc.o)

.debug_frame    0x00000000     0x1854
 *(.debug_frame)
 .debug_frame   0x00000000       0xbc .\CortexM3\ARM_GCC_493\Debug\HTS221TempHumiditySensor.o
 .debug_frame   0x000000bc       0x84 .\CortexM3\ARM_GCC_493\Debug\LPS25HPressureSensor.o
 .debug_frame   0x00000140       0x8c .\CortexM3\ARM_GCC_493\Debug\LIS3MDLMagnitometerSensor.o
 .debug_frame   0x000001cc       0xb8 .\CortexM3\ARM_GCC_493\Debug\LSM6DS0AccelerometerGyroscopeSensor.o
 .debug_frame   0x00000284       0xa0 .\CortexM3\ARM_GCC_493\Debug\main.o
 .debug_frame   0x00000324       0xb8 .\CortexM3\ARM_GCC_493\Debug\Cm3Start.o
 .debug_frame   0x000003dc       0xe4 .\CortexM3\ARM_GCC_493\Debug\Design01.a(cyfitter_cfg.o)
 .debug_frame   0x000004c0      0x738 .\CortexM3\ARM_GCC_493\Debug\Design01.a(CyLib.o)
 .debug_frame   0x00000bf8      0x1f8 .\CortexM3\ARM_GCC_493\Debug\Design01.a(cyPm.o)
 .debug_frame   0x00000df0      0x134 .\CortexM3\ARM_GCC_493\Debug\Design01.a(PWM_1.o)
 .debug_frame   0x00000f24      0x250 .\CortexM3\ARM_GCC_493\Debug\Design01.a(UART_1.o)
 .debug_frame   0x00001174       0xe0 .\CortexM3\ARM_GCC_493\Debug\Design01.a(UART_1_IntClock.o)
 .debug_frame   0x00001254       0x94 .\CortexM3\ARM_GCC_493\Debug\Design01.a(I2C_1.o)
 .debug_frame   0x000012e8       0x30 .\CortexM3\ARM_GCC_493\Debug\Design01.a(I2C_1_INT.o)
 .debug_frame   0x00001318       0x74 .\CortexM3\ARM_GCC_493\Debug\Design01.a(I2C_1_PM.o)
 .debug_frame   0x0000138c      0x138 .\CortexM3\ARM_GCC_493\Debug\Design01.a(I2C_1_MASTER.o)
 .debug_frame   0x000014c4      0x174 .\CortexM3\ARM_GCC_493\Debug\Design01.a(CyFlash.o)
 .debug_frame   0x00001638      0x160 .\CortexM3\ARM_GCC_493\Debug\Design01.a(CySpc.o)
 .debug_frame   0x00001798       0x20 c:/program files (x86)/cypress/psoc creator/4.0/psoc creator/import/gnu/arm/4.9.3/bin/../lib/gcc/arm-none-eabi/4.9.3/../../../../arm-none-eabi/lib/armv7-m\libg_nano.a(lib_a-errno.o)
 .debug_frame   0x000017b8       0x28 c:/program files (x86)/cypress/psoc creator/4.0/psoc creator/import/gnu/arm/4.9.3/bin/../lib/gcc/arm-none-eabi/4.9.3/../../../../arm-none-eabi/lib/armv7-m\libg_nano.a(lib_a-exit.o)
 .debug_frame   0x000017e0       0x2c c:/program files (x86)/cypress/psoc creator/4.0/psoc creator/import/gnu/arm/4.9.3/bin/../lib/gcc/arm-none-eabi/4.9.3/../../../../arm-none-eabi/lib/armv7-m\libg_nano.a(lib_a-init.o)
 .debug_frame   0x0000180c       0x28 c:/program files (x86)/cypress/psoc creator/4.0/psoc creator/import/gnu/arm/4.9.3/bin/../lib/gcc/arm-none-eabi/4.9.3/../../../../arm-none-eabi/lib/armv7-m\libg_nano.a(lib_a-memcpy.o)
 .debug_frame   0x00001834       0x20 c:/program files (x86)/cypress/psoc creator/4.0/psoc creator/import/gnu/arm/4.9.3/bin/../lib/gcc/arm-none-eabi/4.9.3/../../../../arm-none-eabi/lib/armv7-m\libg_nano.a(lib_a-memset.o)

.debug_str      0x00000000     0x20f4
 *(.debug_str)
 .debug_str     0x00000000      0x308 .\CortexM3\ARM_GCC_493\Debug\HTS221TempHumiditySensor.o
                                0x362 (size before relaxing)
 .debug_str     0x00000308       0x7e .\CortexM3\ARM_GCC_493\Debug\LPS25HPressureSensor.o
                                0x2c0 (size before relaxing)
 .debug_str     0x00000386       0x6f .\CortexM3\ARM_GCC_493\Debug\LIS3MDLMagnitometerSensor.o
                                0x2a8 (size before relaxing)
 .debug_str     0x000003f5       0xf5 .\CortexM3\ARM_GCC_493\Debug\LSM6DS0AccelerometerGyroscopeSensor.o
                                0x32e (size before relaxing)
 .debug_str     0x000004ea      0x1e7 .\CortexM3\ARM_GCC_493\Debug\main.o
                                0x484 (size before relaxing)
 .debug_str     0x000006d1       0x75 .\CortexM3\ARM_GCC_493\Debug\cymetadata.o
                                0x200 (size before relaxing)
 .debug_str     0x00000746      0x163 .\CortexM3\ARM_GCC_493\Debug\Cm3Start.o
                                0x314 (size before relaxing)
 .debug_str     0x000008a9      0x189 .\CortexM3\ARM_GCC_493\Debug\Design01.a(cyfitter_cfg.o)
                                0x34e (size before relaxing)
 .debug_str     0x00000a32      0x837 .\CortexM3\ARM_GCC_493\Debug\Design01.a(CyLib.o)
                                0xa51 (size before relaxing)
 .debug_str     0x00001269      0x359 .\CortexM3\ARM_GCC_493\Debug\Design01.a(cyPm.o)
                                0x731 (size before relaxing)
 .debug_str     0x000015c2      0x17f .\CortexM3\ARM_GCC_493\Debug\Design01.a(PWM_1.o)
                                0x35b (size before relaxing)
 .debug_str     0x00001741      0x2b9 .\CortexM3\ARM_GCC_493\Debug\Design01.a(UART_1.o)
                                0x4bd (size before relaxing)
 .debug_str     0x000019fa      0x197 .\CortexM3\ARM_GCC_493\Debug\Design01.a(UART_1_IntClock.o)
                                0x364 (size before relaxing)
 .debug_str     0x00001b91       0xef .\CortexM3\ARM_GCC_493\Debug\Design01.a(I2C_1.o)
                                0x310 (size before relaxing)
 .debug_str     0x00001c80       0x94 .\CortexM3\ARM_GCC_493\Debug\Design01.a(I2C_1_INT.o)
                                0x27f (size before relaxing)
 .debug_str     0x00001d14       0x60 .\CortexM3\ARM_GCC_493\Debug\Design01.a(I2C_1_PM.o)
                                0x299 (size before relaxing)
 .debug_str     0x00001d74      0x138 .\CortexM3\ARM_GCC_493\Debug\Design01.a(I2C_1_MASTER.o)
                                0x3dc (size before relaxing)
 .debug_str     0x00001eac      0x19c .\CortexM3\ARM_GCC_493\Debug\Design01.a(CyFlash.o)
                                0x3ab (size before relaxing)
 .debug_str     0x00002048       0xac .\CortexM3\ARM_GCC_493\Debug\Design01.a(CySpc.o)
                                0x334 (size before relaxing)

.debug_loc      0x00000000     0x28c6
 *(.debug_loc)
 .debug_loc     0x00000000      0x1a2 .\CortexM3\ARM_GCC_493\Debug\HTS221TempHumiditySensor.o
 .debug_loc     0x000001a2      0x112 .\CortexM3\ARM_GCC_493\Debug\LPS25HPressureSensor.o
 .debug_loc     0x000002b4      0x102 .\CortexM3\ARM_GCC_493\Debug\LIS3MDLMagnitometerSensor.o
 .debug_loc     0x000003b6      0x186 .\CortexM3\ARM_GCC_493\Debug\LSM6DS0AccelerometerGyroscopeSensor.o
 .debug_loc     0x0000053c      0x131 .\CortexM3\ARM_GCC_493\Debug\main.o
 .debug_loc     0x0000066d      0x144 .\CortexM3\ARM_GCC_493\Debug\Cm3Start.o
 .debug_loc     0x000007b1      0x289 .\CortexM3\ARM_GCC_493\Debug\Design01.a(cyfitter_cfg.o)
 .debug_loc     0x00000a3a      0xa11 .\CortexM3\ARM_GCC_493\Debug\Design01.a(CyLib.o)
 .debug_loc     0x0000144b      0x1e4 .\CortexM3\ARM_GCC_493\Debug\Design01.a(cyPm.o)
 .debug_loc     0x0000162f       0x26 .\CortexM3\ARM_GCC_493\Debug\Design01.a(PWM_1.o)
 .debug_loc     0x00001655      0x258 .\CortexM3\ARM_GCC_493\Debug\Design01.a(UART_1.o)
 .debug_loc     0x000018ad      0x128 .\CortexM3\ARM_GCC_493\Debug\Design01.a(UART_1_IntClock.o)
 .debug_loc     0x000019d5       0x39 .\CortexM3\ARM_GCC_493\Debug\Design01.a(I2C_1.o)
 .debug_loc     0x00001a0e       0x29 .\CortexM3\ARM_GCC_493\Debug\Design01.a(I2C_1_INT.o)
 .debug_loc     0x00001a37       0x13 .\CortexM3\ARM_GCC_493\Debug\Design01.a(I2C_1_PM.o)
 .debug_loc     0x00001a4a      0x52f .\CortexM3\ARM_GCC_493\Debug\Design01.a(I2C_1_MASTER.o)
 .debug_loc     0x00001f79      0x300 .\CortexM3\ARM_GCC_493\Debug\Design01.a(CyFlash.o)
 .debug_loc     0x00002279      0x64d .\CortexM3\ARM_GCC_493\Debug\Design01.a(CySpc.o)

.debug_macinfo
 *(.debug_macinfo)

.debug_ranges   0x00000000      0x7e0
 *(.debug_ranges)
 .debug_ranges  0x00000000       0x30 .\CortexM3\ARM_GCC_493\Debug\HTS221TempHumiditySensor.o
 .debug_ranges  0x00000030       0x28 .\CortexM3\ARM_GCC_493\Debug\LPS25HPressureSensor.o
 .debug_ranges  0x00000058       0x28 .\CortexM3\ARM_GCC_493\Debug\LIS3MDLMagnitometerSensor.o
 .debug_ranges  0x00000080       0x30 .\CortexM3\ARM_GCC_493\Debug\LSM6DS0AccelerometerGyroscopeSensor.o
 .debug_ranges  0x000000b0       0x28 .\CortexM3\ARM_GCC_493\Debug\main.o
 .debug_ranges  0x000000d8       0x38 .\CortexM3\ARM_GCC_493\Debug\Cm3Start.o
 .debug_ranges  0x00000110       0x48 .\CortexM3\ARM_GCC_493\Debug\Design01.a(cyfitter_cfg.o)
 .debug_ranges  0x00000158      0x290 .\CortexM3\ARM_GCC_493\Debug\Design01.a(CyLib.o)
 .debug_ranges  0x000003e8       0x88 .\CortexM3\ARM_GCC_493\Debug\Design01.a(cyPm.o)
 .debug_ranges  0x00000470       0x88 .\CortexM3\ARM_GCC_493\Debug\Design01.a(PWM_1.o)
 .debug_ranges  0x000004f8       0xe0 .\CortexM3\ARM_GCC_493\Debug\Design01.a(UART_1.o)
 .debug_ranges  0x000005d8       0x60 .\CortexM3\ARM_GCC_493\Debug\Design01.a(UART_1_IntClock.o)
 .debug_ranges  0x00000638       0x28 .\CortexM3\ARM_GCC_493\Debug\Design01.a(I2C_1.o)
 .debug_ranges  0x00000660       0x10 .\CortexM3\ARM_GCC_493\Debug\Design01.a(I2C_1_INT.o)
 .debug_ranges  0x00000670       0x28 .\CortexM3\ARM_GCC_493\Debug\Design01.a(I2C_1_PM.o)
 .debug_ranges  0x00000698       0x70 .\CortexM3\ARM_GCC_493\Debug\Design01.a(I2C_1_MASTER.o)
 .debug_ranges  0x00000708       0x70 .\CortexM3\ARM_GCC_493\Debug\Design01.a(CyFlash.o)
 .debug_ranges  0x00000778       0x68 .\CortexM3\ARM_GCC_493\Debug\Design01.a(CySpc.o)

.comment        0x00000000       0x70
 .comment       0x00000000       0x70 .\CortexM3\ARM_GCC_493\Debug\HTS221TempHumiditySensor.o
                                 0x71 (size before relaxing)
 .comment       0x00000000       0x71 .\CortexM3\ARM_GCC_493\Debug\LPS25HPressureSensor.o
 .comment       0x00000000       0x71 .\CortexM3\ARM_GCC_493\Debug\LIS3MDLMagnitometerSensor.o
 .comment       0x00000000       0x71 .\CortexM3\ARM_GCC_493\Debug\LSM6DS0AccelerometerGyroscopeSensor.o
 .comment       0x00000000       0x71 .\CortexM3\ARM_GCC_493\Debug\main.o
 .comment       0x00000000       0x71 .\CortexM3\ARM_GCC_493\Debug\cymetadata.o
 .comment       0x00000000       0x71 .\CortexM3\ARM_GCC_493\Debug\Cm3Start.o
 .comment       0x00000000       0x71 .\CortexM3\ARM_GCC_493\Debug\Design01.a(cyfitter_cfg.o)
 .comment       0x00000000       0x71 .\CortexM3\ARM_GCC_493\Debug\Design01.a(CyLib.o)
 .comment       0x00000000       0x71 .\CortexM3\ARM_GCC_493\Debug\Design01.a(cyPm.o)
 .comment       0x00000000       0x71 .\CortexM3\ARM_GCC_493\Debug\Design01.a(PWM_1.o)
 .comment       0x00000000       0x71 .\CortexM3\ARM_GCC_493\Debug\Design01.a(UART_1.o)
 .comment       0x00000000       0x71 .\CortexM3\ARM_GCC_493\Debug\Design01.a(UART_1_IntClock.o)
 .comment       0x00000000       0x71 .\CortexM3\ARM_GCC_493\Debug\Design01.a(I2C_1.o)
 .comment       0x00000000       0x71 .\CortexM3\ARM_GCC_493\Debug\Design01.a(I2C_1_INT.o)
 .comment       0x00000000       0x71 .\CortexM3\ARM_GCC_493\Debug\Design01.a(I2C_1_PM.o)
 .comment       0x00000000       0x71 .\CortexM3\ARM_GCC_493\Debug\Design01.a(I2C_1_MASTER.o)
 .comment       0x00000000       0x71 .\CortexM3\ARM_GCC_493\Debug\Design01.a(CyFlash.o)
 .comment       0x00000000       0x71 .\CortexM3\ARM_GCC_493\Debug\Design01.a(CySpc.o)

.debug_weaknames
 *(.debug_weaknames)

.debug_funcnames
 *(.debug_funcnames)

.debug_typenames
 *(.debug_typenames)

.debug_varnames
 *(.debug_varnames)

.note.gnu.arm.ident
 *(.note.gnu.arm.ident)

.ARM.attributes
                0x00000000       0x29
 *(.ARM.attributes)
 .ARM.attributes
                0x00000000       0x1d c:/program files (x86)/cypress/psoc creator/4.0/psoc creator/import/gnu/arm/4.9.3/bin/../lib/gcc/arm-none-eabi/4.9.3/armv7-m/crti.o
 .ARM.attributes
                0x0000001d       0x2d c:/program files (x86)/cypress/psoc creator/4.0/psoc creator/import/gnu/arm/4.9.3/bin/../lib/gcc/arm-none-eabi/4.9.3/armv7-m/crtbegin.o
 .ARM.attributes
                0x0000004a       0x1b c:/program files (x86)/cypress/psoc creator/4.0/psoc creator/import/gnu/arm/4.9.3/bin/../lib/gcc/arm-none-eabi/4.9.3/../../../../arm-none-eabi/lib/armv7-m/crt0.o
 .ARM.attributes
                0x00000065       0x33 .\CortexM3\ARM_GCC_493\Debug\HTS221TempHumiditySensor.o
 .ARM.attributes
                0x00000098       0x33 .\CortexM3\ARM_GCC_493\Debug\LPS25HPressureSensor.o
 .ARM.attributes
                0x000000cb       0x33 .\CortexM3\ARM_GCC_493\Debug\LIS3MDLMagnitometerSensor.o
 .ARM.attributes
                0x000000fe       0x33 .\CortexM3\ARM_GCC_493\Debug\LSM6DS0AccelerometerGyroscopeSensor.o
 .ARM.attributes
                0x00000131       0x33 .\CortexM3\ARM_GCC_493\Debug\main.o
 .ARM.attributes
                0x00000164       0x33 .\CortexM3\ARM_GCC_493\Debug\cymetadata.o
 .ARM.attributes
                0x00000197       0x33 .\CortexM3\ARM_GCC_493\Debug\Cm3Start.o
 .ARM.attributes
                0x000001ca       0x33 .\CortexM3\ARM_GCC_493\Debug\Design01.a(cyfitter_cfg.o)
 .ARM.attributes
                0x000001fd       0x33 .\CortexM3\ARM_GCC_493\Debug\Design01.a(CyLib.o)
 .ARM.attributes
                0x00000230       0x33 .\CortexM3\ARM_GCC_493\Debug\Design01.a(cyPm.o)
 .ARM.attributes
                0x00000263       0x33 .\CortexM3\ARM_GCC_493\Debug\Design01.a(PWM_1.o)
 .ARM.attributes
                0x00000296       0x33 .\CortexM3\ARM_GCC_493\Debug\Design01.a(UART_1.o)
 .ARM.attributes
                0x000002c9       0x33 .\CortexM3\ARM_GCC_493\Debug\Design01.a(UART_1_IntClock.o)
 .ARM.attributes
                0x000002fc       0x33 .\CortexM3\ARM_GCC_493\Debug\Design01.a(I2C_1.o)
 .ARM.attributes
                0x0000032f       0x33 .\CortexM3\ARM_GCC_493\Debug\Design01.a(I2C_1_INT.o)
 .ARM.attributes
                0x00000362       0x33 .\CortexM3\ARM_GCC_493\Debug\Design01.a(I2C_1_PM.o)
 .ARM.attributes
                0x00000395       0x33 .\CortexM3\ARM_GCC_493\Debug\Design01.a(I2C_1_MASTER.o)
 .ARM.attributes
                0x000003c8       0x21 .\CortexM3\ARM_GCC_493\Debug\Design01.a(CyBootAsmGnu.o)
 .ARM.attributes
                0x000003e9       0x33 .\CortexM3\ARM_GCC_493\Debug\Design01.a(CyFlash.o)
 .ARM.attributes
                0x0000041c       0x33 .\CortexM3\ARM_GCC_493\Debug\Design01.a(CySpc.o)
 .ARM.attributes
                0x0000044f       0x1d c:/program files (x86)/cypress/psoc creator/4.0/psoc creator/import/gnu/arm/4.9.3/bin/../lib/gcc/arm-none-eabi/4.9.3/armv7-m\libgcc.a(_arm_addsubdf3.o)
 .ARM.attributes
                0x0000046c       0x1d c:/program files (x86)/cypress/psoc creator/4.0/psoc creator/import/gnu/arm/4.9.3/bin/../lib/gcc/arm-none-eabi/4.9.3/armv7-m\libgcc.a(_arm_muldivdf3.o)
 .ARM.attributes
                0x00000489       0x1d c:/program files (x86)/cypress/psoc creator/4.0/psoc creator/import/gnu/arm/4.9.3/bin/../lib/gcc/arm-none-eabi/4.9.3/armv7-m\libgcc.a(_arm_fixunsdfsi.o)
 .ARM.attributes
                0x000004a6       0x2d c:/program files (x86)/cypress/psoc creator/4.0/psoc creator/import/gnu/arm/4.9.3/bin/../lib/gcc/arm-none-eabi/4.9.3/../../../../arm-none-eabi/lib/armv7-m\libg_nano.a(lib_a-errno.o)
 .ARM.attributes
                0x000004d3       0x2d c:/program files (x86)/cypress/psoc creator/4.0/psoc creator/import/gnu/arm/4.9.3/bin/../lib/gcc/arm-none-eabi/4.9.3/../../../../arm-none-eabi/lib/armv7-m\libg_nano.a(lib_a-exit.o)
 .ARM.attributes
                0x00000500       0x2d c:/program files (x86)/cypress/psoc creator/4.0/psoc creator/import/gnu/arm/4.9.3/bin/../lib/gcc/arm-none-eabi/4.9.3/../../../../arm-none-eabi/lib/armv7-m\libg_nano.a(lib_a-impure.o)
 .ARM.attributes
                0x0000052d       0x2d c:/program files (x86)/cypress/psoc creator/4.0/psoc creator/import/gnu/arm/4.9.3/bin/../lib/gcc/arm-none-eabi/4.9.3/../../../../arm-none-eabi/lib/armv7-m\libg_nano.a(lib_a-init.o)
 .ARM.attributes
                0x0000055a       0x2d c:/program files (x86)/cypress/psoc creator/4.0/psoc creator/import/gnu/arm/4.9.3/bin/../lib/gcc/arm-none-eabi/4.9.3/../../../../arm-none-eabi/lib/armv7-m\libg_nano.a(lib_a-memcpy.o)
 .ARM.attributes
                0x00000587       0x2d c:/program files (x86)/cypress/psoc creator/4.0/psoc creator/import/gnu/arm/4.9.3/bin/../lib/gcc/arm-none-eabi/4.9.3/../../../../arm-none-eabi/lib/armv7-m\libg_nano.a(lib_a-memset.o)
 .ARM.attributes
                0x000005b4       0x2d c:/program files (x86)/cypress/psoc creator/4.0/psoc creator/import/gnu/arm/4.9.3/bin/../lib/gcc/arm-none-eabi/4.9.3/armv7-m/crtend.o
 .ARM.attributes
                0x000005e1       0x1d c:/program files (x86)/cypress/psoc creator/4.0/psoc creator/import/gnu/arm/4.9.3/bin/../lib/gcc/arm-none-eabi/4.9.3/armv7-m/crtn.o

/DISCARD/
 *(.note.GNU-stack)
OUTPUT(.\CortexM3\ARM_GCC_493\Debug\Design01.elf elf32-littlearm)
